# The class of every generated body the classifier admits; every other
# well-typed generated body is inadmissible. A body whose class differed
# between runs is unstable, with every class seen. Written by
# TestClassify_Differential with KURE_ADMISSION_GOLDEN=1; review the diff.
bodies 6594 generated, 4040 well-typed
SetRef pointer
SetRef_NivNew pointer
SetRef_NivNew_GsParen pointer
SetRef_NivNew_GsReversed pointer
SetRef_NivNew_WsWhole pointer
SetRef_NivNew_ValParen pointer
SetRef_NivNew_ValStar pointer
SetRef_NivNew_SecAppend append
SetRef_NivNew_SecFwd pointer
SetRef_NivNew_SecInsert append
SetRef_NivNew_SecPtrLiteral pointer
SetRef_NivNew_NestOn unstable inadmissible pointer
SetRef_NivNewParen pointer
SetRef_NivNewParen_GsParen pointer
SetRef_NivNewParen_GsReversed pointer
SetRef_NivNewParen_WsWhole pointer
SetRef_NivNewParen_ValParen pointer
SetRef_NivNewParen_ValStar pointer
SetRef_NivNewParen_SecAppend append
SetRef_NivNewParen_SecFwd pointer
SetRef_NivNewParen_SecInsert append
SetRef_NivNewParen_SecPtrLiteral pointer
SetRef_NivNewParen_NestOn unstable inadmissible pointer
SetRef_NivNone_SecAppend append
SetRef_NivNone_SecInsert append
SetRef_NivNone_SecPtrLiteral pointer
SetRef_GsParen pointer
SetRef_GsParen_WsWhole pointer
SetRef_GsParen_ValParen pointer
SetRef_GsParen_ValStar pointer
SetRef_GsParen_SecAppend append
SetRef_GsParen_SecFwd pointer
SetRef_GsParen_SecInsert append
SetRef_GsParen_SecPtrLiteral pointer
SetRef_GsParen_NestOn unstable inadmissible pointer
SetRef_GsReversed pointer
SetRef_GsReversed_WsWhole pointer
SetRef_GsReversed_ValParen pointer
SetRef_GsReversed_ValStar pointer
SetRef_GsReversed_SecAppend append
SetRef_GsReversed_SecFwd pointer
SetRef_GsReversed_SecInsert append
SetRef_GsReversed_SecPtrLiteral pointer
SetRef_GsReversed_NestOn unstable inadmissible pointer
SetRef_TsParen_WsParen pointer
SetRef_TsParen_WsWholeParen pointer
SetRef_WsWhole pointer
SetRef_WsWhole_ValParen pointer
SetRef_WsWhole_ValStar pointer
SetRef_WsWhole_ValKeyed pointer
SetRef_WsWhole_ValPositional pointer
SetRef_WsWhole_SecAppend append
SetRef_WsWhole_SecFwd pointer
SetRef_WsWhole_SecInsert append
SetRef_WsWhole_SecPtrLiteral pointer
SetRef_WsWhole_NestOn pointer
SetRef_ValParen pointer
SetRef_ValParen_SecAppend append
SetRef_ValParen_SecFwd pointer
SetRef_ValParen_SecInsert append
SetRef_ValParen_SecPtrLiteral pointer
SetRef_ValParen_NestOn unstable inadmissible pointer
SetRef_ValStar pointer
SetRef_ValStar_SecAppend append
SetRef_ValStar_SecFwd pointer
SetRef_ValStar_SecInsert append
SetRef_ValStar_SecPtrLiteral pointer
SetRef_ValStar_NestOn unstable inadmissible pointer
SetRef_SecAppend append
SetRef_SecAppend_NestOn unstable append inadmissible
SetRef_SecFwd pointer
SetRef_SecFwd_NestOn unstable inadmissible pointer
SetRef_SecInsert append
SetRef_SecInsert_NestOn unstable append inadmissible
SetRef_SecPtrLiteral pointer
SetRef_SecPtrLiteral_NestOn unstable inadmissible pointer
SetRef_NestOn unstable inadmissible pointer
SetNested pointer
SetNested_NivNew pointer
SetNested_NivNew_GsParen pointer
SetNested_NivNew_GsReversed pointer
SetNested_NivNew_WsWhole pointer
SetNested_NivNew_ValParen pointer
SetNested_NivNew_ValStar pointer
SetNested_NivNew_SecAppend append
SetNested_NivNew_SecFwd pointer
SetNested_NivNew_SecInsert append
SetNested_NivNew_SecPtrLiteral pointer
SetNested_NivNewParen pointer
SetNested_NivNewParen_GsParen pointer
SetNested_NivNewParen_GsReversed pointer
SetNested_NivNewParen_WsWhole pointer
SetNested_NivNewParen_ValParen pointer
SetNested_NivNewParen_ValStar pointer
SetNested_NivNewParen_SecAppend append
SetNested_NivNewParen_SecFwd pointer
SetNested_NivNewParen_SecInsert append
SetNested_NivNewParen_SecPtrLiteral pointer
SetNested_NivNone_SecAppend append
SetNested_NivNone_SecInsert append
SetNested_NivNone_SecPtrLiteral pointer
SetNested_GsParen pointer
SetNested_GsParen_WsWhole pointer
SetNested_GsParen_ValParen pointer
SetNested_GsParen_ValStar pointer
SetNested_GsParen_SecAppend append
SetNested_GsParen_SecFwd pointer
SetNested_GsParen_SecInsert append
SetNested_GsParen_SecPtrLiteral pointer
SetNested_GsReversed pointer
SetNested_GsReversed_WsWhole pointer
SetNested_GsReversed_ValParen pointer
SetNested_GsReversed_ValStar pointer
SetNested_GsReversed_SecAppend append
SetNested_GsReversed_SecFwd pointer
SetNested_GsReversed_SecInsert append
SetNested_GsReversed_SecPtrLiteral pointer
SetNested_TsParen_WsParen pointer
SetNested_TsParen_WsWholeParen pointer
SetNested_WsWhole pointer
SetNested_WsWhole_ValParen pointer
SetNested_WsWhole_ValStar pointer
SetNested_WsWhole_ValKeyed pointer
SetNested_WsWhole_ValPositional pointer
SetNested_WsWhole_ValNested pointer
SetNested_WsWhole_SecAppend append
SetNested_WsWhole_SecFwd pointer
SetNested_WsWhole_SecInsert append
SetNested_WsWhole_SecPtrLiteral pointer
SetNested_ValParen pointer
SetNested_ValParen_SecAppend append
SetNested_ValParen_SecFwd pointer
SetNested_ValParen_SecInsert append
SetNested_ValParen_SecPtrLiteral pointer
SetNested_ValStar pointer
SetNested_ValStar_SecAppend append
SetNested_ValStar_SecFwd pointer
SetNested_ValStar_SecInsert append
SetNested_ValStar_SecPtrLiteral pointer
SetNested_SecAppend append
SetNested_SecFwd pointer
SetNested_SecInsert append
SetNested_SecPtrLiteral pointer
SetArr_NivNew_WsWhole pointer
SetArr_NivNewParen_WsWhole pointer
SetArr_NivNone_SecAppend append
SetArr_NivNone_SecInsert append
SetArr_NivNone_SecPtrLiteral pointer
SetArr_GsParen_WsWhole pointer
SetArr_GsReversed_WsWhole pointer
SetArr_TsParen_WsWholeParen pointer
SetArr_WsWhole pointer
SetArr_WsWhole_ValParen pointer
SetArr_WsWhole_ValStar pointer
SetArr_WsWhole_SecAppend append
SetArr_WsWhole_SecFwd pointer
SetArr_WsWhole_SecInsert append
SetArr_WsWhole_SecPtrLiteral pointer
AddSliceP append
AddSliceP_NivNew append
AddSliceP_NivNew_GsParen append
AddSliceP_NivNew_GsReversed append
AddSliceP_NivNew_WsWhole pointer
AddSliceP_NivNew_ValParen append
AddSliceP_NivNew_ValStar append
AddSliceP_NivNew_SecFwd append
AddSliceP_NivNew_SecPtrLiteral append
AddSliceP_NivNewParen append
AddSliceP_NivNewParen_GsParen append
AddSliceP_NivNewParen_GsReversed append
AddSliceP_NivNewParen_WsWhole pointer
AddSliceP_NivNewParen_ValParen append
AddSliceP_NivNewParen_ValStar append
AddSliceP_NivNewParen_SecFwd append
AddSliceP_NivNewParen_SecPtrLiteral append
AddSliceP_NivNone append
AddSliceP_NivNone_WsParen append
AddSliceP_NivNone_WsDerefObj append
AddSliceP_NivNone_WsStar append
AddSliceP_NivNone_ValParen append
AddSliceP_NivNone_ValStar append
AddSliceP_NivNone_ValNil append
AddSliceP_NivNone_SecFwd append
AddSliceP_NivNone_SecPtrLiteral append
AddSliceP_GsParen append
AddSliceP_GsParen_WsWhole pointer
AddSliceP_GsParen_ValParen append
AddSliceP_GsParen_ValStar append
AddSliceP_GsParen_SecFwd append
AddSliceP_GsParen_SecPtrLiteral append
AddSliceP_GsReversed append
AddSliceP_GsReversed_WsWhole pointer
AddSliceP_GsReversed_ValParen append
AddSliceP_GsReversed_ValStar append
AddSliceP_GsReversed_SecFwd append
AddSliceP_GsReversed_SecPtrLiteral append
AddSliceP_TsParen_WsParen append
AddSliceP_WsWhole pointer
AddSliceP_WsWhole_ValParen pointer
AddSliceP_WsWhole_ValStar pointer
AddSliceP_WsWhole_SecAppend append
AddSliceP_WsWhole_SecFwd pointer
AddSliceP_WsWhole_SecInsert append
AddSliceP_WsWhole_SecPtrLiteral pointer
AddSliceP_ValParen append
AddSliceP_ValParen_SecFwd append
AddSliceP_ValParen_SecPtrLiteral append
AddSliceP_ValStar append
AddSliceP_ValStar_SecFwd append
AddSliceP_ValStar_SecPtrLiteral append
AddSliceP_SecFwd append
AddSliceP_SecPtrLiteral append
AddItems append
AddItems_NivMake0 append
AddItems_NivMake0_GsParen append
AddItems_NivMake0_GsReversed append
AddItems_NivMake0_TsParen append
AddItems_NivMake0_WsParen append
AddItems_NivMake0_WsDerefObj append
AddItems_NivMake0_ValParen append
AddItems_NivMake0_ValStar append
AddItems_NivMake0_SecFwd append
AddItems_NivMake0_SecPtrLiteral append
AddItems_NivMake0Cap4 append
AddItems_NivMake0Cap4_GsParen append
AddItems_NivMake0Cap4_GsReversed append
AddItems_NivMake0Cap4_TsParen append
AddItems_NivMake0Cap4_WsParen append
AddItems_NivMake0Cap4_WsDerefObj append
AddItems_NivMake0Cap4_ValParen append
AddItems_NivMake0Cap4_ValStar append
AddItems_NivMake0Cap4_SecFwd append
AddItems_NivMake0Cap4_SecPtrLiteral append
AddItems_NivMakeParen0 append
AddItems_NivMakeParen0_GsParen append
AddItems_NivMakeParen0_GsReversed append
AddItems_NivMakeParen0_TsParen append
AddItems_NivMakeParen0_WsParen append
AddItems_NivMakeParen0_WsDerefObj append
AddItems_NivMakeParen0_ValParen append
AddItems_NivMakeParen0_ValStar append
AddItems_NivMakeParen0_SecFwd append
AddItems_NivMakeParen0_SecPtrLiteral append
AddItems_NivNone append
AddItems_NivNone_WsParen append
AddItems_NivNone_WsDerefObj append
AddItems_NivNone_ValParen append
AddItems_NivNone_ValStar append
AddItems_NivNone_ValNil append
AddItems_NivNone_SecFwd append
AddItems_NivNone_SecPtrLiteral append
AddItems_GsDerefObj_TsDerefObj append
AddItems_GsParen append
AddItems_GsParen_TsParen append
AddItems_GsParen_WsParen append
AddItems_GsParen_WsDerefObj append
AddItems_GsParen_ValParen append
AddItems_GsParen_ValStar append
AddItems_GsParen_SecFwd append
AddItems_GsParen_SecPtrLiteral append
AddItems_GsReversed append
AddItems_GsReversed_TsParen append
AddItems_GsReversed_WsParen append
AddItems_GsReversed_WsDerefObj append
AddItems_GsReversed_ValParen append
AddItems_GsReversed_ValStar append
AddItems_GsReversed_SecFwd append
AddItems_GsReversed_SecPtrLiteral append
AddItems_TsParen append
AddItems_TsParen_WsParen append
AddItems_TsParen_WsDerefObj append
AddItems_TsParen_ValParen append
AddItems_TsParen_ValStar append
AddItems_TsParen_SecFwd append
AddItems_TsParen_SecPtrLiteral append
AddItems_WsParen append
AddItems_WsParen_ValParen append
AddItems_WsParen_ValStar append
AddItems_WsParen_SecFwd append
AddItems_WsParen_SecPtrLiteral append
AddItems_WsDerefObj append
AddItems_WsDerefObj_ValParen append
AddItems_WsDerefObj_ValStar append
AddItems_WsDerefObj_SecFwd append
AddItems_WsDerefObj_SecPtrLiteral append
AddItems_ValParen append
AddItems_ValParen_SecFwd append
AddItems_ValParen_SecPtrLiteral append
AddItems_ValStar append
AddItems_ValStar_SecFwd append
AddItems_ValStar_SecPtrLiteral append
AddItems_SecFwd append
AddItems_SecPtrLiteral append
AddLabels append
AddLabels_NivMake append
AddLabels_NivMake_GsParen append
AddLabels_NivMake_GsReversed append
AddLabels_NivMake_TsParen append
AddLabels_NivMake_WsParen append
AddLabels_NivMake_WsDerefObj append
AddLabels_NivMake_ValParen append
AddLabels_NivMake_ValStar append
AddLabels_NivMake_CxReadKey append
AddLabels_NivMake_SecFwd append
AddLabels_NivMake_SecPtrLiteral append
AddLabels_NivMake0 append
AddLabels_NivMake0_GsParen append
AddLabels_NivMake0_GsReversed append
AddLabels_NivMake0_TsParen append
AddLabels_NivMake0_WsParen append
AddLabels_NivMake0_WsDerefObj append
AddLabels_NivMake0_ValParen append
AddLabels_NivMake0_ValStar append
AddLabels_NivMake0_CxReadKey append
AddLabels_NivMake0_SecFwd append
AddLabels_NivMake0_SecPtrLiteral append
AddLabels_NivMake3 append
AddLabels_NivMake3_GsParen append
AddLabels_NivMake3_GsReversed append
AddLabels_NivMake3_TsParen append
AddLabels_NivMake3_WsParen append
AddLabels_NivMake3_WsDerefObj append
AddLabels_NivMake3_ValParen append
AddLabels_NivMake3_ValStar append
AddLabels_NivMake3_CxReadKey append
AddLabels_NivMake3_SecFwd append
AddLabels_NivMake3_SecPtrLiteral append
AddLabels_NivMakeParen0 append
AddLabels_NivMakeParen0_GsParen append
AddLabels_NivMakeParen0_GsReversed append
AddLabels_NivMakeParen0_TsParen append
AddLabels_NivMakeParen0_WsParen append
AddLabels_NivMakeParen0_WsDerefObj append
AddLabels_NivMakeParen0_ValParen append
AddLabels_NivMakeParen0_ValStar append
AddLabels_NivMakeParen0_CxReadKey append
AddLabels_NivMakeParen0_SecFwd append
AddLabels_NivMakeParen0_SecPtrLiteral append
AddLabels_NivNone append
AddLabels_NivNone_WsParen append
AddLabels_NivNone_WsDerefObj append
AddLabels_NivNone_ValParen append
AddLabels_NivNone_ValStar append
AddLabels_NivNone_ValNil append
AddLabels_NivNone_CxReadKey append
AddLabels_NivNone_SecFwd append
AddLabels_NivNone_SecPtrLiteral append
AddLabels_GsDerefObj_TsDerefObj append
AddLabels_GsParen append
AddLabels_GsParen_TsParen append
AddLabels_GsParen_WsParen append
AddLabels_GsParen_WsDerefObj append
AddLabels_GsParen_ValParen append
AddLabels_GsParen_ValStar append
AddLabels_GsParen_CxReadKey append
AddLabels_GsParen_SecFwd append
AddLabels_GsParen_SecPtrLiteral append
AddLabels_GsReversed append
AddLabels_GsReversed_TsParen append
AddLabels_GsReversed_WsParen append
AddLabels_GsReversed_WsDerefObj append
AddLabels_GsReversed_ValParen append
AddLabels_GsReversed_ValStar append
AddLabels_GsReversed_CxReadKey append
AddLabels_GsReversed_SecFwd append
AddLabels_GsReversed_SecPtrLiteral append
AddLabels_TsParen append
AddLabels_TsParen_WsParen append
AddLabels_TsParen_WsDerefObj append
AddLabels_TsParen_ValParen append
AddLabels_TsParen_ValStar append
AddLabels_TsParen_CxReadKey append
AddLabels_TsParen_SecFwd append
AddLabels_TsParen_SecPtrLiteral append
AddLabels_WsParen append
AddLabels_WsParen_ValParen append
AddLabels_WsParen_ValStar append
AddLabels_WsParen_CxReadKey append
AddLabels_WsParen_SecFwd append
AddLabels_WsParen_SecPtrLiteral append
AddLabels_WsDerefObj append
AddLabels_WsDerefObj_ValParen append
AddLabels_WsDerefObj_ValStar append
AddLabels_WsDerefObj_CxReadKey append
AddLabels_WsDerefObj_SecFwd append
AddLabels_WsDerefObj_SecPtrLiteral append
AddLabels_ValParen append
AddLabels_ValParen_CxReadKey append
AddLabels_ValParen_SecFwd append
AddLabels_ValParen_SecPtrLiteral append
AddLabels_ValStar append
AddLabels_ValStar_CxReadKey append
AddLabels_ValStar_SecFwd append
AddLabels_ValStar_SecPtrLiteral append
AddLabels_CxReadKey append
AddLabels_CxReadKey_SecFwd append
AddLabels_CxReadKey_SecPtrLiteral append
AddLabels_SecFwd append
AddLabels_SecPtrLiteral append
SetEmb pointer
SetEmb_NivNew pointer
SetEmb_NivNew_GsParen pointer
SetEmb_NivNew_GsReversed pointer
SetEmb_NivNew_WsWhole pointer
SetEmb_NivNew_ValParen pointer
SetEmb_NivNew_ValStar pointer
SetEmb_NivNew_SecAppend append
SetEmb_NivNew_SecFwd pointer
SetEmb_NivNew_SecInsert append
SetEmb_NivNew_SecPtrLiteral pointer
SetEmb_NivNewParen pointer
SetEmb_NivNewParen_GsParen pointer
SetEmb_NivNewParen_GsReversed pointer
SetEmb_NivNewParen_WsWhole pointer
SetEmb_NivNewParen_ValParen pointer
SetEmb_NivNewParen_ValStar pointer
SetEmb_NivNewParen_SecAppend append
SetEmb_NivNewParen_SecFwd pointer
SetEmb_NivNewParen_SecInsert append
SetEmb_NivNewParen_SecPtrLiteral pointer
SetEmb_NivNone_SecAppend append
SetEmb_NivNone_SecInsert append
SetEmb_NivNone_SecPtrLiteral pointer
SetEmb_GsParen pointer
SetEmb_GsParen_WsWhole pointer
SetEmb_GsParen_ValParen pointer
SetEmb_GsParen_ValStar pointer
SetEmb_GsParen_SecAppend append
SetEmb_GsParen_SecFwd pointer
SetEmb_GsParen_SecInsert append
SetEmb_GsParen_SecPtrLiteral pointer
SetEmb_GsReversed pointer
SetEmb_GsReversed_WsWhole pointer
SetEmb_GsReversed_ValParen pointer
SetEmb_GsReversed_ValStar pointer
SetEmb_GsReversed_SecAppend append
SetEmb_GsReversed_SecFwd pointer
SetEmb_GsReversed_SecInsert append
SetEmb_GsReversed_SecPtrLiteral pointer
SetEmb_TsParen_WsParen pointer
SetEmb_TsParen_WsWholeParen pointer
SetEmb_WsWhole pointer
SetEmb_WsWhole_ValParen pointer
SetEmb_WsWhole_ValStar pointer
SetEmb_WsWhole_ValKeyed pointer
SetEmb_WsWhole_ValPositional pointer
SetEmb_WsWhole_SecAppend append
SetEmb_WsWhole_SecFwd pointer
SetEmb_WsWhole_SecInsert append
SetEmb_WsWhole_SecPtrLiteral pointer
SetEmb_ValParen pointer
SetEmb_ValParen_SecAppend append
SetEmb_ValParen_SecFwd pointer
SetEmb_ValParen_SecInsert append
SetEmb_ValParen_SecPtrLiteral pointer
SetEmb_ValStar pointer
SetEmb_ValStar_SecAppend append
SetEmb_ValStar_SecFwd pointer
SetEmb_ValStar_SecInsert append
SetEmb_ValStar_SecPtrLiteral pointer
SetEmb_SecAppend append
SetEmb_SecFwd pointer
SetEmb_SecInsert append
SetEmb_SecPtrLiteral pointer
SetPtr pointer
SetPtr_WsParen pointer
SetPtr_WsParen_ValParen pointer
SetPtr_WsParen_ValAmp pointer
SetPtr_WsParen_ValStar pointer
SetPtr_WsParen_ValKeyed pointer
SetPtr_WsParen_ValPositional pointer
SetPtr_WsParen_SecAppend append
SetPtr_WsParen_SecFwd pointer
SetPtr_WsParen_SecInsert append
SetPtr_WsParen_SecPtrLiteral pointer
SetPtr_WsDerefObj pointer
SetPtr_WsDerefObj_ValParen pointer
SetPtr_WsDerefObj_ValAmp pointer
SetPtr_WsDerefObj_ValStar pointer
SetPtr_WsDerefObj_ValKeyed pointer
SetPtr_WsDerefObj_ValPositional pointer
SetPtr_WsDerefObj_SecAppend append
SetPtr_WsDerefObj_SecFwd pointer
SetPtr_WsDerefObj_SecInsert append
SetPtr_WsDerefObj_SecPtrLiteral pointer
SetPtr_ValParen pointer
SetPtr_ValParen_SecAppend append
SetPtr_ValParen_SecFwd pointer
SetPtr_ValParen_SecInsert append
SetPtr_ValParen_SecPtrLiteral pointer
SetPtr_ValAmp pointer
SetPtr_ValAmp_SecAppend append
SetPtr_ValAmp_SecFwd pointer
SetPtr_ValAmp_SecInsert append
SetPtr_ValAmp_SecPtrLiteral pointer
SetPtr_ValStar pointer
SetPtr_ValStar_SecAppend append
SetPtr_ValStar_SecFwd pointer
SetPtr_ValStar_SecInsert append
SetPtr_ValStar_SecPtrLiteral pointer
SetPtr_ValKeyed pointer
SetPtr_ValKeyed_SecAppend append
SetPtr_ValKeyed_SecFwd pointer
SetPtr_ValKeyed_SecInsert append
SetPtr_ValKeyed_SecPtrLiteral pointer
SetPtr_ValPositional pointer
SetPtr_ValPositional_SecAppend append
SetPtr_ValPositional_SecFwd pointer
SetPtr_ValPositional_SecInsert append
SetPtr_ValPositional_SecPtrLiteral pointer
SetPtr_SecAppend append
SetPtr_SecFwd pointer
SetPtr_SecInsert append
SetPtr_SecPtrLiteral pointer
SetComp composite
SetComp_WsParen composite
SetComp_WsParen_ValPositional composite
SetComp_WsParen_ValNested composite
SetComp_WsDerefObj composite
SetComp_WsDerefObj_ValPositional composite
SetComp_WsDerefObj_ValNested composite
SetComp_ValP_SecAppend append
SetComp_ValP_SecInsert append
SetComp_ValP_SecPtrLiteral pointer
SetComp_ValParen_SecAppend append
SetComp_ValParen_SecInsert append
SetComp_ValParen_SecPtrLiteral pointer
SetComp_ValNil_SecAppend append
SetComp_ValNil_SecInsert append
SetComp_ValNil_SecPtrLiteral pointer
SetComp_ValPositional composite
SetComp_ValNested composite
AddRefs append
AddRefs_NivLit append
AddRefs_NivLit_GsParen append
AddRefs_NivLit_GsReversed append
AddRefs_NivLit_TsParen append
AddRefs_NivLit_WsParen append
AddRefs_NivLit_WsDerefObj append
AddRefs_NivLit_ValParen append
AddRefs_NivLit_ValStar append
AddRefs_NivLit_ValKeyed append
AddRefs_NivLit_ValPositional append
AddRefs_NivLit_SecFwd append
AddRefs_NivLit_SecPtrLiteral append
AddRefs_NivMake0 append
AddRefs_NivMake0_GsParen append
AddRefs_NivMake0_GsReversed append
AddRefs_NivMake0_TsParen append
AddRefs_NivMake0_WsParen append
AddRefs_NivMake0_WsDerefObj append
AddRefs_NivMake0_ValParen append
AddRefs_NivMake0_ValStar append
AddRefs_NivMake0_ValKeyed append
AddRefs_NivMake0_ValPositional append
AddRefs_NivMake0_SecFwd append
AddRefs_NivMake0_SecPtrLiteral append
AddRefs_NivMake0Cap4 append
AddRefs_NivMake0Cap4_GsParen append
AddRefs_NivMake0Cap4_GsReversed append
AddRefs_NivMake0Cap4_TsParen append
AddRefs_NivMake0Cap4_WsParen append
AddRefs_NivMake0Cap4_WsDerefObj append
AddRefs_NivMake0Cap4_ValParen append
AddRefs_NivMake0Cap4_ValStar append
AddRefs_NivMake0Cap4_ValKeyed append
AddRefs_NivMake0Cap4_ValPositional append
AddRefs_NivMake0Cap4_SecFwd append
AddRefs_NivMake0Cap4_SecPtrLiteral append
AddRefs_NivMakeParen0 append
AddRefs_NivMakeParen0_GsParen append
AddRefs_NivMakeParen0_GsReversed append
AddRefs_NivMakeParen0_TsParen append
AddRefs_NivMakeParen0_WsParen append
AddRefs_NivMakeParen0_WsDerefObj append
AddRefs_NivMakeParen0_ValParen append
AddRefs_NivMakeParen0_ValStar append
AddRefs_NivMakeParen0_ValKeyed append
AddRefs_NivMakeParen0_ValPositional append
AddRefs_NivMakeParen0_SecFwd append
AddRefs_NivMakeParen0_SecPtrLiteral append
AddRefs_WsParen append
AddRefs_WsParen_ValParen append
AddRefs_WsParen_ValStar append
AddRefs_WsParen_ValNil append
AddRefs_WsParen_ValKeyed append
AddRefs_WsParen_ValPositional append
AddRefs_WsParen_SecFwd append
AddRefs_WsParen_SecPtrLiteral append
AddRefs_WsDerefObj append
AddRefs_WsDerefObj_ValParen append
AddRefs_WsDerefObj_ValStar append
AddRefs_WsDerefObj_ValNil append
AddRefs_WsDerefObj_ValKeyed append
AddRefs_WsDerefObj_ValPositional append
AddRefs_WsDerefObj_SecFwd append
AddRefs_WsDerefObj_SecPtrLiteral append
AddRefs_WsIndex_ValKeyed composite
AddRefs_WsIndex_ValPositional composite
AddRefs_WsIndex_SecAppend append
AddRefs_WsIndex_SecInsert append
AddRefs_WsIndex_SecPtrLiteral pointer
AddRefs_ValParen append
AddRefs_ValParen_SecFwd append
AddRefs_ValParen_SecPtrLiteral append
AddRefs_ValStar append
AddRefs_ValStar_SecFwd append
AddRefs_ValStar_SecPtrLiteral append
AddRefs_ValNil append
AddRefs_ValNil_SecFwd append
AddRefs_ValNil_SecPtrLiteral append
AddRefs_ValKeyed append
AddRefs_ValKeyed_SecFwd append
AddRefs_ValKeyed_SecPtrLiteral append
AddRefs_ValPositional append
AddRefs_ValPositional_SecFwd append
AddRefs_ValPositional_SecPtrLiteral append
AddRefs_SecFwd append
AddRefs_SecPtrLiteral append
AddRefMap append
AddRefMap_NivLit append
AddRefMap_NivLit_GsParen append
AddRefMap_NivLit_GsReversed append
AddRefMap_NivLit_TsParen append
AddRefMap_NivLit_WsParen append
AddRefMap_NivLit_WsDerefObj append
AddRefMap_NivLit_ValParen append
AddRefMap_NivLit_ValStar append
AddRefMap_NivLit_ValKeyed append
AddRefMap_NivLit_ValPositional append
AddRefMap_NivLit_CxReadKey append
AddRefMap_NivLit_SecFwd append
AddRefMap_NivLit_SecPtrLiteral append
AddRefMap_NivMake append
AddRefMap_NivMake_GsParen append
AddRefMap_NivMake_GsReversed append
AddRefMap_NivMake_TsParen append
AddRefMap_NivMake_WsParen append
AddRefMap_NivMake_WsDerefObj append
AddRefMap_NivMake_ValParen append
AddRefMap_NivMake_ValStar append
AddRefMap_NivMake_ValKeyed append
AddRefMap_NivMake_ValPositional append
AddRefMap_NivMake_CxReadKey append
AddRefMap_NivMake_SecFwd append
AddRefMap_NivMake_SecPtrLiteral append
AddRefMap_NivMake0 append
AddRefMap_NivMake0_GsParen append
AddRefMap_NivMake0_GsReversed append
AddRefMap_NivMake0_TsParen append
AddRefMap_NivMake0_WsParen append
AddRefMap_NivMake0_WsDerefObj append
AddRefMap_NivMake0_ValParen append
AddRefMap_NivMake0_ValStar append
AddRefMap_NivMake0_ValKeyed append
AddRefMap_NivMake0_ValPositional append
AddRefMap_NivMake0_CxReadKey append
AddRefMap_NivMake0_SecFwd append
AddRefMap_NivMake0_SecPtrLiteral append
AddRefMap_NivMake3 append
AddRefMap_NivMake3_GsParen append
AddRefMap_NivMake3_GsReversed append
AddRefMap_NivMake3_TsParen append
AddRefMap_NivMake3_WsParen append
AddRefMap_NivMake3_WsDerefObj append
AddRefMap_NivMake3_ValParen append
AddRefMap_NivMake3_ValStar append
AddRefMap_NivMake3_ValKeyed append
AddRefMap_NivMake3_ValPositional append
AddRefMap_NivMake3_CxReadKey append
AddRefMap_NivMake3_SecFwd append
AddRefMap_NivMake3_SecPtrLiteral append
AddRefMap_NivMakeParen0 append
AddRefMap_NivMakeParen0_GsParen append
AddRefMap_NivMakeParen0_GsReversed append
AddRefMap_NivMakeParen0_TsParen append
AddRefMap_NivMakeParen0_WsParen append
AddRefMap_NivMakeParen0_WsDerefObj append
AddRefMap_NivMakeParen0_ValParen append
AddRefMap_NivMakeParen0_ValStar append
AddRefMap_NivMakeParen0_ValKeyed append
AddRefMap_NivMakeParen0_ValPositional append
AddRefMap_NivMakeParen0_CxReadKey append
AddRefMap_NivMakeParen0_SecFwd append
AddRefMap_NivMakeParen0_SecPtrLiteral append
AddRefMap_WsParen append
AddRefMap_WsParen_ValParen append
AddRefMap_WsParen_ValStar append
AddRefMap_WsParen_ValNil append
AddRefMap_WsParen_ValKeyed append
AddRefMap_WsParen_ValPositional append
AddRefMap_WsParen_CxReadKey append
AddRefMap_WsParen_SecFwd append
AddRefMap_WsParen_SecPtrLiteral append
AddRefMap_WsDerefObj append
AddRefMap_WsDerefObj_ValParen append
AddRefMap_WsDerefObj_ValStar append
AddRefMap_WsDerefObj_ValNil append
AddRefMap_WsDerefObj_ValKeyed append
AddRefMap_WsDerefObj_ValPositional append
AddRefMap_WsDerefObj_CxReadKey append
AddRefMap_WsDerefObj_SecFwd append
AddRefMap_WsDerefObj_SecPtrLiteral append
AddRefMap_ValParen append
AddRefMap_ValParen_CxReadKey append
AddRefMap_ValParen_SecFwd append
AddRefMap_ValParen_SecPtrLiteral append
AddRefMap_ValStar append
AddRefMap_ValStar_CxReadKey append
AddRefMap_ValStar_SecFwd append
AddRefMap_ValStar_SecPtrLiteral append
AddRefMap_ValNil append
AddRefMap_ValNil_CxReadKey append
AddRefMap_ValNil_SecFwd append
AddRefMap_ValNil_SecPtrLiteral append
AddRefMap_ValKeyed append
AddRefMap_ValKeyed_CxReadKey append
AddRefMap_ValKeyed_SecFwd append
AddRefMap_ValKeyed_SecPtrLiteral append
AddRefMap_ValPositional append
AddRefMap_ValPositional_CxReadKey append
AddRefMap_ValPositional_SecFwd append
AddRefMap_ValPositional_SecPtrLiteral append
AddRefMap_CxReadKey append
AddRefMap_CxReadKey_SecFwd append
AddRefMap_CxReadKey_SecPtrLiteral append
AddRefMap_SecFwd append
AddRefMap_SecPtrLiteral append
SetName_WsParen_SecAppend append
SetName_WsParen_SecInsert append
SetName_WsParen_SecPtrLiteral pointer
SetName_WsDerefObj_SecAppend append
SetName_WsDerefObj_SecInsert append
SetName_WsDerefObj_SecPtrLiteral pointer
SetName_ValParen_SecAppend append
SetName_ValParen_SecInsert append
SetName_ValParen_SecPtrLiteral pointer
SetName_ValNil_SecAppend append
SetName_ValNil_SecInsert append
SetName_ValNil_SecPtrLiteral pointer
SetName_SecAppend append
SetName_SecInsert append
SetName_SecPtrLiteral pointer
SetPayload_WsParen_ValKeyed composite
SetPayload_WsParen_ValPositional composite
SetPayload_WsParen_ValNested composite
SetPayload_WsParen_SecAppend append
SetPayload_WsParen_SecInsert append
SetPayload_WsParen_SecPtrLiteral pointer
SetPayload_WsDerefObj_ValKeyed composite
SetPayload_WsDerefObj_ValPositional composite
SetPayload_WsDerefObj_ValNested composite
SetPayload_WsDerefObj_CxReadType composite
SetPayload_WsDerefObj_SecAppend append
SetPayload_WsDerefObj_SecInsert append
SetPayload_WsDerefObj_SecPtrLiteral pointer
SetPayload_ValParen_SecAppend append
SetPayload_ValParen_SecInsert append
SetPayload_ValParen_SecPtrLiteral pointer
SetPayload_ValKeyed composite
SetPayload_ValPositional composite
SetPayload_ValNested composite
SetPayload_ValMarshal_SecAppend append
SetPayload_ValMarshal_SecInsert append
SetPayload_ValMarshal_SecPtrLiteral pointer
SetPayload_SecAppend append
SetPayload_SecInsert append
SetPayload_SecPtrLiteral pointer
SetRaw_WsParen_SecAppend append
SetRaw_WsParen_SecInsert append
SetRaw_WsParen_SecPtrLiteral pointer
SetRaw_WsDerefObj_SecAppend append
SetRaw_WsDerefObj_SecInsert append
SetRaw_WsDerefObj_SecPtrLiteral pointer
SetRaw_ValParen_SecAppend append
SetRaw_ValParen_SecInsert append
SetRaw_ValParen_SecPtrLiteral pointer
SetRaw_ValMarshal_SecAppend append
SetRaw_ValMarshal_SecInsert append
SetRaw_ValMarshal_SecPtrLiteral pointer
SetRaw_SecAppend append
SetRaw_SecInsert append
SetRaw_SecPtrLiteral pointer
AddAnys append
AddAnys_NivLit append
AddAnys_NivLit_GsParen append
AddAnys_NivLit_GsReversed append
AddAnys_NivLit_TsParen append
AddAnys_NivLit_WsParen append
AddAnys_NivLit_WsDerefObj append
AddAnys_NivLit_ValParen append
AddAnys_NivLit_ValAmp append
AddAnys_NivLit_ValStar append
AddAnys_NivLit_ValKeyed append
AddAnys_NivLit_ValPositional append
AddAnys_NivLit_ValNested append
AddAnys_NivLit_ValMarshal append
AddAnys_NivLit_SecFwd append
AddAnys_NivLit_SecPtrLiteral append
AddAnys_NivMake0 append
AddAnys_NivMake0_GsParen append
AddAnys_NivMake0_GsReversed append
AddAnys_NivMake0_TsParen append
AddAnys_NivMake0_WsParen append
AddAnys_NivMake0_WsDerefObj append
AddAnys_NivMake0_ValParen append
AddAnys_NivMake0_ValAmp append
AddAnys_NivMake0_ValStar append
AddAnys_NivMake0_ValKeyed append
AddAnys_NivMake0_ValPositional append
AddAnys_NivMake0_ValNested append
AddAnys_NivMake0_ValMarshal append
AddAnys_NivMake0_SecFwd append
AddAnys_NivMake0_SecPtrLiteral append
AddAnys_NivMake0Cap4 append
AddAnys_NivMake0Cap4_GsParen append
AddAnys_NivMake0Cap4_GsReversed append
AddAnys_NivMake0Cap4_TsParen append
AddAnys_NivMake0Cap4_WsParen append
AddAnys_NivMake0Cap4_WsDerefObj append
AddAnys_NivMake0Cap4_ValParen append
AddAnys_NivMake0Cap4_ValAmp append
AddAnys_NivMake0Cap4_ValStar append
AddAnys_NivMake0Cap4_ValKeyed append
AddAnys_NivMake0Cap4_ValPositional append
AddAnys_NivMake0Cap4_ValNested append
AddAnys_NivMake0Cap4_ValMarshal append
AddAnys_NivMake0Cap4_SecFwd append
AddAnys_NivMake0Cap4_SecPtrLiteral append
AddAnys_NivMakeParen0 append
AddAnys_NivMakeParen0_GsParen append
AddAnys_NivMakeParen0_GsReversed append
AddAnys_NivMakeParen0_TsParen append
AddAnys_NivMakeParen0_WsParen append
AddAnys_NivMakeParen0_WsDerefObj append
AddAnys_NivMakeParen0_ValParen append
AddAnys_NivMakeParen0_ValAmp append
AddAnys_NivMakeParen0_ValStar append
AddAnys_NivMakeParen0_ValKeyed append
AddAnys_NivMakeParen0_ValPositional append
AddAnys_NivMakeParen0_ValNested append
AddAnys_NivMakeParen0_ValMarshal append
AddAnys_NivMakeParen0_SecFwd append
AddAnys_NivMakeParen0_SecPtrLiteral append
AddAnys_WsParen append
AddAnys_WsParen_ValParen append
AddAnys_WsParen_ValAmp append
AddAnys_WsParen_ValStar append
AddAnys_WsParen_ValNil append
AddAnys_WsParen_ValKeyed append
AddAnys_WsParen_ValPositional append
AddAnys_WsParen_ValNested append
AddAnys_WsParen_ValKeyedNil append
AddAnys_WsParen_ValMarshal append
AddAnys_WsParen_SecFwd append
AddAnys_WsParen_SecPtrLiteral append
AddAnys_WsDerefObj append
AddAnys_WsDerefObj_ValParen append
AddAnys_WsDerefObj_ValAmp append
AddAnys_WsDerefObj_ValStar append
AddAnys_WsDerefObj_ValNil append
AddAnys_WsDerefObj_ValKeyed append
AddAnys_WsDerefObj_ValPositional append
AddAnys_WsDerefObj_ValNested append
AddAnys_WsDerefObj_ValKeyedNil append
AddAnys_WsDerefObj_ValMarshal append
AddAnys_WsDerefObj_CxReadType append
AddAnys_WsDerefObj_SecFwd append
AddAnys_WsDerefObj_SecPtrLiteral append
AddAnys_WsIndex_ValKeyed composite
AddAnys_WsIndex_ValPositional composite
AddAnys_WsIndex_ValNested composite
AddAnys_WsIndex_CxReadType composite
AddAnys_WsIndex_SecAppend append
AddAnys_WsIndex_SecInsert append
AddAnys_WsIndex_SecPtrLiteral pointer
AddAnys_ValParen append
AddAnys_ValParen_SecFwd append
AddAnys_ValParen_SecPtrLiteral append
AddAnys_ValAmp append
AddAnys_ValAmp_SecFwd append
AddAnys_ValAmp_SecPtrLiteral append
AddAnys_ValStar append
AddAnys_ValStar_SecFwd append
AddAnys_ValStar_SecPtrLiteral append
AddAnys_ValNil append
AddAnys_ValNil_SecFwd append
AddAnys_ValNil_SecPtrLiteral append
AddAnys_ValKeyed append
AddAnys_ValKeyed_SecFwd append
AddAnys_ValKeyed_SecPtrLiteral append
AddAnys_ValPositional append
AddAnys_ValPositional_SecFwd append
AddAnys_ValPositional_SecPtrLiteral append
AddAnys_ValNested append
AddAnys_ValNested_SecFwd append
AddAnys_ValNested_SecPtrLiteral append
AddAnys_ValKeyedNil append
AddAnys_ValKeyedNil_SecFwd append
AddAnys_ValKeyedNil_SecPtrLiteral append
AddAnys_ValMarshal append
AddAnys_ValMarshal_SecFwd append
AddAnys_ValMarshal_SecPtrLiteral append
AddAnys_SecFwd append
AddAnys_SecPtrLiteral append
