# The generated bodies the grammar alone admits and a check before it
# refuses, one name per line. Written by TestClassify_GeneratedGaps with
# KURE_ADMISSION_GOLDEN=1; review the diff.
SetRef_NivNew_GsDerefObj
SetRef_NivNew_TsDerefObj
SetRef_NivNew_TsParen
SetRef_NivNew_WsParen
SetRef_NivNew_WsDerefObj
SetRef_NivNew_WsStar
SetRef_NivNew_WsStarParen
SetRef_NivNew_WsWholeParen
SetRef_NivNew_SecAmpFwd
SetRef_NivNew_SecStarFwd
SetRef_NivNewParen_GsDerefObj
SetRef_NivNewParen_TsDerefObj
SetRef_NivNewParen_TsParen
SetRef_NivNewParen_WsParen
SetRef_NivNewParen_WsDerefObj
SetRef_NivNewParen_WsStar
SetRef_NivNewParen_WsStarParen
SetRef_NivNewParen_WsWholeParen
SetRef_NivNewParen_SecAmpFwd
SetRef_NivNewParen_SecStarFwd
SetRef_GsDerefObj
SetRef_GsDerefObj_TsDerefObj
SetRef_GsDerefObj_TsParen
SetRef_GsDerefObj_WsParen
SetRef_GsDerefObj_WsDerefObj
SetRef_GsDerefObj_WsStar
SetRef_GsDerefObj_WsStarParen
SetRef_GsDerefObj_WsWhole
SetRef_GsDerefObj_WsWholeParen
SetRef_GsDerefObj_ValParen
SetRef_GsDerefObj_ValStar
SetRef_GsDerefObj_SecAmpFwd
SetRef_GsDerefObj_SecAppend
SetRef_GsDerefObj_SecFwd
SetRef_GsDerefObj_SecInsert
SetRef_GsDerefObj_SecPtrLiteral
SetRef_GsDerefObj_SecStarFwd
SetRef_GsDerefObj_NestOn
SetRef_GsParen_TsDerefObj
SetRef_GsParen_TsParen
SetRef_GsParen_WsParen
SetRef_GsParen_WsDerefObj
SetRef_GsParen_WsStar
SetRef_GsParen_WsStarParen
SetRef_GsParen_WsWholeParen
SetRef_GsParen_SecAmpFwd
SetRef_GsParen_SecStarFwd
SetRef_GsReversed_TsDerefObj
SetRef_GsReversed_TsParen
SetRef_GsReversed_WsParen
SetRef_GsReversed_WsDerefObj
SetRef_GsReversed_WsStar
SetRef_GsReversed_WsStarParen
SetRef_GsReversed_WsWholeParen
SetRef_GsReversed_SecAmpFwd
SetRef_GsReversed_SecStarFwd
SetRef_TsDerefObj
SetRef_TsDerefObj_WsParen
SetRef_TsDerefObj_WsDerefObj
SetRef_TsDerefObj_WsStar
SetRef_TsDerefObj_WsStarParen
SetRef_TsDerefObj_WsWhole
SetRef_TsDerefObj_WsWholeParen
SetRef_TsDerefObj_ValParen
SetRef_TsDerefObj_ValStar
SetRef_TsDerefObj_SecAmpFwd
SetRef_TsDerefObj_SecAppend
SetRef_TsDerefObj_SecFwd
SetRef_TsDerefObj_SecInsert
SetRef_TsDerefObj_SecPtrLiteral
SetRef_TsDerefObj_SecStarFwd
SetRef_TsDerefObj_NestOn
SetRef_TsParen
SetRef_TsParen_WsDerefObj
SetRef_TsParen_WsStar
SetRef_TsParen_WsStarParen
SetRef_TsParen_WsWhole
SetRef_TsParen_ValParen
SetRef_TsParen_ValStar
SetRef_TsParen_SecAmpFwd
SetRef_TsParen_SecAppend
SetRef_TsParen_SecFwd
SetRef_TsParen_SecInsert
SetRef_TsParen_SecPtrLiteral
SetRef_TsParen_SecStarFwd
SetRef_TsParen_NestOn
SetRef_WsParen
SetRef_WsParen_ValParen
SetRef_WsParen_ValStar
SetRef_WsParen_SecAmpFwd
SetRef_WsParen_SecAppend
SetRef_WsParen_SecFwd
SetRef_WsParen_SecInsert
SetRef_WsParen_SecPtrLiteral
SetRef_WsParen_SecStarFwd
SetRef_WsParen_NestOn
SetRef_WsDerefObj
SetRef_WsDerefObj_ValParen
SetRef_WsDerefObj_ValStar
SetRef_WsDerefObj_SecAmpFwd
SetRef_WsDerefObj_SecAppend
SetRef_WsDerefObj_SecFwd
SetRef_WsDerefObj_SecInsert
SetRef_WsDerefObj_SecPtrLiteral
SetRef_WsDerefObj_SecStarFwd
SetRef_WsDerefObj_NestOn
SetRef_WsStar
SetRef_WsStar_ValParen
SetRef_WsStar_ValStar
SetRef_WsStar_SecAmpFwd
SetRef_WsStar_SecAppend
SetRef_WsStar_SecFwd
SetRef_WsStar_SecInsert
SetRef_WsStar_SecPtrLiteral
SetRef_WsStar_SecStarFwd
SetRef_WsStar_NestOn
SetRef_WsStarParen
SetRef_WsStarParen_ValParen
SetRef_WsStarParen_ValStar
SetRef_WsStarParen_SecAmpFwd
SetRef_WsStarParen_SecAppend
SetRef_WsStarParen_SecFwd
SetRef_WsStarParen_SecInsert
SetRef_WsStarParen_SecPtrLiteral
SetRef_WsStarParen_SecStarFwd
SetRef_WsStarParen_NestOn
SetRef_WsWhole_SecAmpFwd
SetRef_WsWhole_SecStarFwd
SetRef_WsWholeParen
SetRef_WsWholeParen_ValParen
SetRef_WsWholeParen_ValStar
SetRef_WsWholeParen_ValKeyed
SetRef_WsWholeParen_ValPositional
SetRef_WsWholeParen_SecAmpFwd
SetRef_WsWholeParen_SecAppend
SetRef_WsWholeParen_SecFwd
SetRef_WsWholeParen_SecInsert
SetRef_WsWholeParen_SecPtrLiteral
SetRef_WsWholeParen_SecStarFwd
SetRef_WsWholeParen_NestOn
SetRef_ValParen_SecAmpFwd
SetRef_ValParen_SecStarFwd
SetRef_ValStar_SecAmpFwd
SetRef_ValStar_SecStarFwd
SetRef_SecAmpFwd
SetRef_SecAmpFwd_NestOn
SetRef_SecStarFwd
SetRef_SecStarFwd_NestOn
SetNested_NivNew_GsDerefObj
SetNested_NivNew_TsDerefObj
SetNested_NivNew_TsParen
SetNested_NivNew_WsParen
SetNested_NivNew_WsDerefObj
SetNested_NivNew_WsStar
SetNested_NivNew_WsStarParen
SetNested_NivNew_WsWholeParen
SetNested_NivNew_SecAmpFwd
SetNested_NivNew_SecStarFwd
SetNested_NivNewParen_GsDerefObj
SetNested_NivNewParen_TsDerefObj
SetNested_NivNewParen_TsParen
SetNested_NivNewParen_WsParen
SetNested_NivNewParen_WsDerefObj
SetNested_NivNewParen_WsStar
SetNested_NivNewParen_WsStarParen
SetNested_NivNewParen_WsWholeParen
SetNested_NivNewParen_SecAmpFwd
SetNested_NivNewParen_SecStarFwd
SetNested_GsDerefObj
SetNested_GsDerefObj_TsDerefObj
SetNested_GsDerefObj_TsParen
SetNested_GsDerefObj_WsParen
SetNested_GsDerefObj_WsDerefObj
SetNested_GsDerefObj_WsStar
SetNested_GsDerefObj_WsStarParen
SetNested_GsDerefObj_WsWhole
SetNested_GsDerefObj_WsWholeParen
SetNested_GsDerefObj_ValParen
SetNested_GsDerefObj_ValStar
SetNested_GsDerefObj_SecAmpFwd
SetNested_GsDerefObj_SecAppend
SetNested_GsDerefObj_SecFwd
SetNested_GsDerefObj_SecInsert
SetNested_GsDerefObj_SecPtrLiteral
SetNested_GsDerefObj_SecStarFwd
SetNested_GsParen_TsDerefObj
SetNested_GsParen_TsParen
SetNested_GsParen_WsParen
SetNested_GsParen_WsDerefObj
SetNested_GsParen_WsStar
SetNested_GsParen_WsStarParen
SetNested_GsParen_WsWholeParen
SetNested_GsParen_SecAmpFwd
SetNested_GsParen_SecStarFwd
SetNested_GsReversed_TsDerefObj
SetNested_GsReversed_TsParen
SetNested_GsReversed_WsParen
SetNested_GsReversed_WsDerefObj
SetNested_GsReversed_WsStar
SetNested_GsReversed_WsStarParen
SetNested_GsReversed_WsWholeParen
SetNested_GsReversed_SecAmpFwd
SetNested_GsReversed_SecStarFwd
SetNested_TsDerefObj
SetNested_TsDerefObj_WsParen
SetNested_TsDerefObj_WsDerefObj
SetNested_TsDerefObj_WsStar
SetNested_TsDerefObj_WsStarParen
SetNested_TsDerefObj_WsWhole
SetNested_TsDerefObj_WsWholeParen
SetNested_TsDerefObj_ValParen
SetNested_TsDerefObj_ValStar
SetNested_TsDerefObj_SecAmpFwd
SetNested_TsDerefObj_SecAppend
SetNested_TsDerefObj_SecFwd
SetNested_TsDerefObj_SecInsert
SetNested_TsDerefObj_SecPtrLiteral
SetNested_TsDerefObj_SecStarFwd
SetNested_TsParen
SetNested_TsParen_WsDerefObj
SetNested_TsParen_WsStar
SetNested_TsParen_WsStarParen
SetNested_TsParen_WsWhole
SetNested_TsParen_ValParen
SetNested_TsParen_ValStar
SetNested_TsParen_SecAmpFwd
SetNested_TsParen_SecAppend
SetNested_TsParen_SecFwd
SetNested_TsParen_SecInsert
SetNested_TsParen_SecPtrLiteral
SetNested_TsParen_SecStarFwd
SetNested_WsParen
SetNested_WsParen_ValParen
SetNested_WsParen_ValStar
SetNested_WsParen_SecAmpFwd
SetNested_WsParen_SecAppend
SetNested_WsParen_SecFwd
SetNested_WsParen_SecInsert
SetNested_WsParen_SecPtrLiteral
SetNested_WsParen_SecStarFwd
SetNested_WsDerefObj
SetNested_WsDerefObj_ValParen
SetNested_WsDerefObj_ValStar
SetNested_WsDerefObj_SecAmpFwd
SetNested_WsDerefObj_SecAppend
SetNested_WsDerefObj_SecFwd
SetNested_WsDerefObj_SecInsert
SetNested_WsDerefObj_SecPtrLiteral
SetNested_WsDerefObj_SecStarFwd
SetNested_WsStar
SetNested_WsStar_ValParen
SetNested_WsStar_ValStar
SetNested_WsStar_SecAmpFwd
SetNested_WsStar_SecAppend
SetNested_WsStar_SecFwd
SetNested_WsStar_SecInsert
SetNested_WsStar_SecPtrLiteral
SetNested_WsStar_SecStarFwd
SetNested_WsStarParen
SetNested_WsStarParen_ValParen
SetNested_WsStarParen_ValStar
SetNested_WsStarParen_SecAmpFwd
SetNested_WsStarParen_SecAppend
SetNested_WsStarParen_SecFwd
SetNested_WsStarParen_SecInsert
SetNested_WsStarParen_SecPtrLiteral
SetNested_WsStarParen_SecStarFwd
SetNested_WsWhole_SecAmpFwd
SetNested_WsWhole_SecStarFwd
SetNested_WsWholeParen
SetNested_WsWholeParen_ValParen
SetNested_WsWholeParen_ValStar
SetNested_WsWholeParen_ValKeyed
SetNested_WsWholeParen_ValPositional
SetNested_WsWholeParen_ValNested
SetNested_WsWholeParen_SecAmpFwd
SetNested_WsWholeParen_SecAppend
SetNested_WsWholeParen_SecFwd
SetNested_WsWholeParen_SecInsert
SetNested_WsWholeParen_SecPtrLiteral
SetNested_WsWholeParen_SecStarFwd
SetNested_ValParen_SecAmpFwd
SetNested_ValParen_SecStarFwd
SetNested_ValStar_SecAmpFwd
SetNested_ValStar_SecStarFwd
SetNested_SecAmpFwd
SetNested_SecStarFwd
SetArr
SetArr_NivNew
SetArr_NivNew_GsDerefObj
SetArr_NivNew_GsParen
SetArr_NivNew_GsReversed
SetArr_NivNew_TsDerefObj
SetArr_NivNew_TsParen
SetArr_NivNew_WsParen
SetArr_NivNew_WsDerefObj
SetArr_NivNew_WsStar
SetArr_NivNew_WsStarParen
SetArr_NivNew_WsWholeParen
SetArr_NivNew_ValParen
SetArr_NivNew_ValStar
SetArr_NivNew_CxAppendKey
SetArr_NivNew_CxFuncKey
SetArr_NivNew_CxReadKey
SetArr_NivNew_SecAmpFwd
SetArr_NivNew_SecAppend
SetArr_NivNew_SecFwd
SetArr_NivNew_SecInsert
SetArr_NivNew_SecPtrLiteral
SetArr_NivNew_SecStarFwd
SetArr_NivNewParen
SetArr_NivNewParen_GsDerefObj
SetArr_NivNewParen_GsParen
SetArr_NivNewParen_GsReversed
SetArr_NivNewParen_TsDerefObj
SetArr_NivNewParen_TsParen
SetArr_NivNewParen_WsParen
SetArr_NivNewParen_WsDerefObj
SetArr_NivNewParen_WsStar
SetArr_NivNewParen_WsStarParen
SetArr_NivNewParen_WsWholeParen
SetArr_NivNewParen_ValParen
SetArr_NivNewParen_ValStar
SetArr_NivNewParen_CxAppendKey
SetArr_NivNewParen_CxFuncKey
SetArr_NivNewParen_CxReadKey
SetArr_NivNewParen_SecAmpFwd
SetArr_NivNewParen_SecAppend
SetArr_NivNewParen_SecFwd
SetArr_NivNewParen_SecInsert
SetArr_NivNewParen_SecPtrLiteral
SetArr_NivNewParen_SecStarFwd
SetArr_NivNone_CxAppendKey
SetArr_NivNone_CxFuncKey
SetArr_GsDerefObj
SetArr_GsDerefObj_TsDerefObj
SetArr_GsDerefObj_TsParen
SetArr_GsDerefObj_WsParen
SetArr_GsDerefObj_WsDerefObj
SetArr_GsDerefObj_WsStar
SetArr_GsDerefObj_WsStarParen
SetArr_GsDerefObj_WsWhole
SetArr_GsDerefObj_WsWholeParen
SetArr_GsDerefObj_ValParen
SetArr_GsDerefObj_ValStar
SetArr_GsDerefObj_CxAppendKey
SetArr_GsDerefObj_CxAppendLength
SetArr_GsDerefObj_CxFuncKey
SetArr_GsDerefObj_CxFuncLength
SetArr_GsDerefObj_CxReadKey
SetArr_GsDerefObj_CxReadLength
SetArr_GsDerefObj_SecAmpFwd
SetArr_GsDerefObj_SecAppend
SetArr_GsDerefObj_SecFwd
SetArr_GsDerefObj_SecInsert
SetArr_GsDerefObj_SecPtrLiteral
SetArr_GsDerefObj_SecStarFwd
SetArr_GsParen
SetArr_GsParen_TsDerefObj
SetArr_GsParen_TsParen
SetArr_GsParen_WsParen
SetArr_GsParen_WsDerefObj
SetArr_GsParen_WsStar
SetArr_GsParen_WsStarParen
SetArr_GsParen_WsWholeParen
SetArr_GsParen_ValParen
SetArr_GsParen_ValStar
SetArr_GsParen_CxAppendKey
SetArr_GsParen_CxAppendLength
SetArr_GsParen_CxFuncKey
SetArr_GsParen_CxFuncLength
SetArr_GsParen_CxReadKey
SetArr_GsParen_CxReadLength
SetArr_GsParen_SecAmpFwd
SetArr_GsParen_SecAppend
SetArr_GsParen_SecFwd
SetArr_GsParen_SecInsert
SetArr_GsParen_SecPtrLiteral
SetArr_GsParen_SecStarFwd
SetArr_GsReversed
SetArr_GsReversed_TsDerefObj
SetArr_GsReversed_TsParen
SetArr_GsReversed_WsParen
SetArr_GsReversed_WsDerefObj
SetArr_GsReversed_WsStar
SetArr_GsReversed_WsStarParen
SetArr_GsReversed_WsWholeParen
SetArr_GsReversed_ValParen
SetArr_GsReversed_ValStar
SetArr_GsReversed_CxAppendKey
SetArr_GsReversed_CxAppendLength
SetArr_GsReversed_CxFuncKey
SetArr_GsReversed_CxFuncLength
SetArr_GsReversed_CxReadKey
SetArr_GsReversed_CxReadLength
SetArr_GsReversed_SecAmpFwd
SetArr_GsReversed_SecAppend
SetArr_GsReversed_SecFwd
SetArr_GsReversed_SecInsert
SetArr_GsReversed_SecPtrLiteral
SetArr_GsReversed_SecStarFwd
SetArr_TsDerefObj
SetArr_TsDerefObj_WsParen
SetArr_TsDerefObj_WsDerefObj
SetArr_TsDerefObj_WsStar
SetArr_TsDerefObj_WsStarParen
SetArr_TsDerefObj_WsWhole
SetArr_TsDerefObj_WsWholeParen
SetArr_TsDerefObj_ValParen
SetArr_TsDerefObj_ValStar
SetArr_TsDerefObj_CxAppendKey
SetArr_TsDerefObj_CxAppendLength
SetArr_TsDerefObj_CxFuncKey
SetArr_TsDerefObj_CxFuncLength
SetArr_TsDerefObj_CxReadKey
SetArr_TsDerefObj_CxReadLength
SetArr_TsDerefObj_SecAmpFwd
SetArr_TsDerefObj_SecAppend
SetArr_TsDerefObj_SecFwd
SetArr_TsDerefObj_SecInsert
SetArr_TsDerefObj_SecPtrLiteral
SetArr_TsDerefObj_SecStarFwd
SetArr_TsParen
SetArr_TsParen_WsParen
SetArr_TsParen_WsDerefObj
SetArr_TsParen_WsStar
SetArr_TsParen_WsStarParen
SetArr_TsParen_WsWhole
SetArr_TsParen_ValParen
SetArr_TsParen_ValStar
SetArr_TsParen_CxAppendKey
SetArr_TsParen_CxAppendLength
SetArr_TsParen_CxFuncKey
SetArr_TsParen_CxFuncLength
SetArr_TsParen_CxReadKey
SetArr_TsParen_CxReadLength
SetArr_TsParen_SecAmpFwd
SetArr_TsParen_SecAppend
SetArr_TsParen_SecFwd
SetArr_TsParen_SecInsert
SetArr_TsParen_SecPtrLiteral
SetArr_TsParen_SecStarFwd
SetArr_WsParen
SetArr_WsParen_ValParen
SetArr_WsParen_ValStar
SetArr_WsParen_CxAppendKey
SetArr_WsParen_CxAppendLength
SetArr_WsParen_CxFuncKey
SetArr_WsParen_CxFuncLength
SetArr_WsParen_CxReadKey
SetArr_WsParen_CxReadLength
SetArr_WsParen_SecAmpFwd
SetArr_WsParen_SecAppend
SetArr_WsParen_SecFwd
SetArr_WsParen_SecInsert
SetArr_WsParen_SecPtrLiteral
SetArr_WsParen_SecStarFwd
SetArr_WsDerefObj
SetArr_WsDerefObj_ValParen
SetArr_WsDerefObj_ValStar
SetArr_WsDerefObj_CxAppendKey
SetArr_WsDerefObj_CxAppendLength
SetArr_WsDerefObj_CxFuncKey
SetArr_WsDerefObj_CxFuncLength
SetArr_WsDerefObj_CxReadKey
SetArr_WsDerefObj_CxReadLength
SetArr_WsDerefObj_SecAmpFwd
SetArr_WsDerefObj_SecAppend
SetArr_WsDerefObj_SecFwd
SetArr_WsDerefObj_SecInsert
SetArr_WsDerefObj_SecPtrLiteral
SetArr_WsDerefObj_SecStarFwd
SetArr_WsStar
SetArr_WsStar_ValParen
SetArr_WsStar_ValStar
SetArr_WsStar_CxAppendKey
SetArr_WsStar_CxAppendLength
SetArr_WsStar_CxFuncKey
SetArr_WsStar_CxFuncLength
SetArr_WsStar_CxReadKey
SetArr_WsStar_CxReadLength
SetArr_WsStar_SecAmpFwd
SetArr_WsStar_SecAppend
SetArr_WsStar_SecFwd
SetArr_WsStar_SecInsert
SetArr_WsStar_SecPtrLiteral
SetArr_WsStar_SecStarFwd
SetArr_WsStarParen
SetArr_WsStarParen_ValParen
SetArr_WsStarParen_ValStar
SetArr_WsStarParen_CxAppendKey
SetArr_WsStarParen_CxAppendLength
SetArr_WsStarParen_CxFuncKey
SetArr_WsStarParen_CxFuncLength
SetArr_WsStarParen_CxReadKey
SetArr_WsStarParen_CxReadLength
SetArr_WsStarParen_SecAmpFwd
SetArr_WsStarParen_SecAppend
SetArr_WsStarParen_SecFwd
SetArr_WsStarParen_SecInsert
SetArr_WsStarParen_SecPtrLiteral
SetArr_WsStarParen_SecStarFwd
SetArr_WsWhole_CxAppendLength
SetArr_WsWhole_CxFuncLength
SetArr_WsWhole_CxReadLength
SetArr_WsWhole_SecAmpFwd
SetArr_WsWhole_SecStarFwd
SetArr_WsWholeParen
SetArr_WsWholeParen_ValParen
SetArr_WsWholeParen_ValStar
SetArr_WsWholeParen_CxAppendLength
SetArr_WsWholeParen_CxFuncLength
SetArr_WsWholeParen_CxReadLength
SetArr_WsWholeParen_SecAmpFwd
SetArr_WsWholeParen_SecAppend
SetArr_WsWholeParen_SecFwd
SetArr_WsWholeParen_SecInsert
SetArr_WsWholeParen_SecPtrLiteral
SetArr_WsWholeParen_SecStarFwd
SetArr_ValParen
SetArr_ValParen_CxAppendKey
SetArr_ValParen_CxAppendLength
SetArr_ValParen_CxFuncKey
SetArr_ValParen_CxFuncLength
SetArr_ValParen_CxReadKey
SetArr_ValParen_CxReadLength
SetArr_ValParen_SecAmpFwd
SetArr_ValParen_SecAppend
SetArr_ValParen_SecFwd
SetArr_ValParen_SecInsert
SetArr_ValParen_SecPtrLiteral
SetArr_ValParen_SecStarFwd
SetArr_ValStar
SetArr_ValStar_CxAppendKey
SetArr_ValStar_CxAppendLength
SetArr_ValStar_CxFuncKey
SetArr_ValStar_CxFuncLength
SetArr_ValStar_CxReadKey
SetArr_ValStar_CxReadLength
SetArr_ValStar_SecAmpFwd
SetArr_ValStar_SecAppend
SetArr_ValStar_SecFwd
SetArr_ValStar_SecInsert
SetArr_ValStar_SecPtrLiteral
SetArr_ValStar_SecStarFwd
SetArr_CxAppendKey
SetArr_CxAppendKey_SecAmpFwd
SetArr_CxAppendKey_SecAppend
SetArr_CxAppendKey_SecFwd
SetArr_CxAppendKey_SecInsert
SetArr_CxAppendKey_SecPtrLiteral
SetArr_CxAppendKey_SecStarFwd
SetArr_CxAppendLength
SetArr_CxAppendLength_SecAmpFwd
SetArr_CxAppendLength_SecAppend
SetArr_CxAppendLength_SecFwd
SetArr_CxAppendLength_SecInsert
SetArr_CxAppendLength_SecPtrLiteral
SetArr_CxAppendLength_SecStarFwd
SetArr_CxFuncKey
SetArr_CxFuncKey_SecAmpFwd
SetArr_CxFuncKey_SecAppend
SetArr_CxFuncKey_SecFwd
SetArr_CxFuncKey_SecInsert
SetArr_CxFuncKey_SecPtrLiteral
SetArr_CxFuncKey_SecStarFwd
SetArr_CxFuncLength
SetArr_CxFuncLength_SecAmpFwd
SetArr_CxFuncLength_SecAppend
SetArr_CxFuncLength_SecFwd
SetArr_CxFuncLength_SecInsert
SetArr_CxFuncLength_SecPtrLiteral
SetArr_CxFuncLength_SecStarFwd
SetArr_CxReadKey
SetArr_CxReadKey_SecAmpFwd
SetArr_CxReadKey_SecAppend
SetArr_CxReadKey_SecFwd
SetArr_CxReadKey_SecInsert
SetArr_CxReadKey_SecPtrLiteral
SetArr_CxReadKey_SecStarFwd
SetArr_CxReadLength
SetArr_CxReadLength_SecAmpFwd
SetArr_CxReadLength_SecAppend
SetArr_CxReadLength_SecFwd
SetArr_CxReadLength_SecInsert
SetArr_CxReadLength_SecPtrLiteral
SetArr_CxReadLength_SecStarFwd
SetArr_SecAmpFwd
SetArr_SecAppend
SetArr_SecFwd
SetArr_SecInsert
SetArr_SecPtrLiteral
SetArr_SecStarFwd
AddSliceP_NivNew_GsDerefObj
AddSliceP_NivNew_TsDerefObj
AddSliceP_NivNew_TsParen
AddSliceP_NivNew_WsParen
AddSliceP_NivNew_WsDerefObj
AddSliceP_NivNew_WsStar
AddSliceP_NivNew_SecAmpFwd
AddSliceP_NivNew_SecAppend
AddSliceP_NivNew_SecInsert
AddSliceP_NivNew_SecStarFwd
AddSliceP_NivNewParen_GsDerefObj
AddSliceP_NivNewParen_TsDerefObj
AddSliceP_NivNewParen_TsParen
AddSliceP_NivNewParen_WsParen
AddSliceP_NivNewParen_WsDerefObj
AddSliceP_NivNewParen_WsStar
AddSliceP_NivNewParen_SecAmpFwd
AddSliceP_NivNewParen_SecAppend
AddSliceP_NivNewParen_SecInsert
AddSliceP_NivNewParen_SecStarFwd
AddSliceP_NivNone_SecAmpFwd
AddSliceP_NivNone_SecAppend
AddSliceP_NivNone_SecInsert
AddSliceP_NivNone_SecStarFwd
AddSliceP_GsDerefObj
AddSliceP_GsDerefObj_TsDerefObj
AddSliceP_GsDerefObj_TsParen
AddSliceP_GsDerefObj_WsParen
AddSliceP_GsDerefObj_WsDerefObj
AddSliceP_GsDerefObj_WsStar
AddSliceP_GsDerefObj_WsWhole
AddSliceP_GsDerefObj_ValParen
AddSliceP_GsDerefObj_ValStar
AddSliceP_GsDerefObj_SecAmpFwd
AddSliceP_GsDerefObj_SecAppend
AddSliceP_GsDerefObj_SecFwd
AddSliceP_GsDerefObj_SecInsert
AddSliceP_GsDerefObj_SecPtrLiteral
AddSliceP_GsDerefObj_SecStarFwd
AddSliceP_GsParen_TsDerefObj
AddSliceP_GsParen_TsParen
AddSliceP_GsParen_WsParen
AddSliceP_GsParen_WsDerefObj
AddSliceP_GsParen_WsStar
AddSliceP_GsParen_SecAmpFwd
AddSliceP_GsParen_SecAppend
AddSliceP_GsParen_SecInsert
AddSliceP_GsParen_SecStarFwd
AddSliceP_GsReversed_TsDerefObj
AddSliceP_GsReversed_TsParen
AddSliceP_GsReversed_WsParen
AddSliceP_GsReversed_WsDerefObj
AddSliceP_GsReversed_WsStar
AddSliceP_GsReversed_SecAmpFwd
AddSliceP_GsReversed_SecAppend
AddSliceP_GsReversed_SecInsert
AddSliceP_GsReversed_SecStarFwd
AddSliceP_TsDerefObj
AddSliceP_TsDerefObj_WsParen
AddSliceP_TsDerefObj_WsDerefObj
AddSliceP_TsDerefObj_WsStar
AddSliceP_TsDerefObj_WsWhole
AddSliceP_TsDerefObj_ValParen
AddSliceP_TsDerefObj_ValStar
AddSliceP_TsDerefObj_SecAmpFwd
AddSliceP_TsDerefObj_SecAppend
AddSliceP_TsDerefObj_SecFwd
AddSliceP_TsDerefObj_SecInsert
AddSliceP_TsDerefObj_SecPtrLiteral
AddSliceP_TsDerefObj_SecStarFwd
AddSliceP_TsParen
AddSliceP_TsParen_WsDerefObj
AddSliceP_TsParen_WsStar
AddSliceP_TsParen_WsWhole
AddSliceP_TsParen_ValParen
AddSliceP_TsParen_ValStar
AddSliceP_TsParen_SecAmpFwd
AddSliceP_TsParen_SecAppend
AddSliceP_TsParen_SecFwd
AddSliceP_TsParen_SecInsert
AddSliceP_TsParen_SecPtrLiteral
AddSliceP_TsParen_SecStarFwd
AddSliceP_WsParen
AddSliceP_WsParen_ValParen
AddSliceP_WsParen_ValStar
AddSliceP_WsParen_SecAmpFwd
AddSliceP_WsParen_SecAppend
AddSliceP_WsParen_SecFwd
AddSliceP_WsParen_SecInsert
AddSliceP_WsParen_SecPtrLiteral
AddSliceP_WsParen_SecStarFwd
AddSliceP_WsDerefObj
AddSliceP_WsDerefObj_ValParen
AddSliceP_WsDerefObj_ValStar
AddSliceP_WsDerefObj_SecAmpFwd
AddSliceP_WsDerefObj_SecAppend
AddSliceP_WsDerefObj_SecFwd
AddSliceP_WsDerefObj_SecInsert
AddSliceP_WsDerefObj_SecPtrLiteral
AddSliceP_WsDerefObj_SecStarFwd
AddSliceP_WsStar
AddSliceP_WsStar_ValParen
AddSliceP_WsStar_ValStar
AddSliceP_WsStar_SecAmpFwd
AddSliceP_WsStar_SecAppend
AddSliceP_WsStar_SecFwd
AddSliceP_WsStar_SecInsert
AddSliceP_WsStar_SecPtrLiteral
AddSliceP_WsStar_SecStarFwd
AddSliceP_WsWhole_SecAmpFwd
AddSliceP_WsWhole_SecStarFwd
AddSliceP_ValParen_SecAmpFwd
AddSliceP_ValParen_SecAppend
AddSliceP_ValParen_SecInsert
AddSliceP_ValParen_SecStarFwd
AddSliceP_ValStar_SecAmpFwd
AddSliceP_ValStar_SecAppend
AddSliceP_ValStar_SecInsert
AddSliceP_ValStar_SecStarFwd
AddSliceP_SecAmpFwd
AddSliceP_SecAppend
AddSliceP_SecInsert
AddSliceP_SecStarFwd
AddItems_NivMake0_GsDerefObj
AddItems_NivMake0_TsDerefObj
AddItems_NivMake0_SecAmpFwd
AddItems_NivMake0_SecAppend
AddItems_NivMake0_SecInsert
AddItems_NivMake0_SecStarFwd
AddItems_NivMake0Cap4_GsDerefObj
AddItems_NivMake0Cap4_TsDerefObj
AddItems_NivMake0Cap4_SecAmpFwd
AddItems_NivMake0Cap4_SecAppend
AddItems_NivMake0Cap4_SecInsert
AddItems_NivMake0Cap4_SecStarFwd
AddItems_NivMake3
AddItems_NivMake3_GsDerefObj
AddItems_NivMake3_GsParen
AddItems_NivMake3_GsReversed
AddItems_NivMake3_TsDerefObj
AddItems_NivMake3_TsParen
AddItems_NivMake3_WsParen
AddItems_NivMake3_WsDerefObj
AddItems_NivMake3_ValParen
AddItems_NivMake3_ValStar
AddItems_NivMake3_SecAmpFwd
AddItems_NivMake3_SecAppend
AddItems_NivMake3_SecFwd
AddItems_NivMake3_SecInsert
AddItems_NivMake3_SecPtrLiteral
AddItems_NivMake3_SecStarFwd
AddItems_NivMakeParen0_GsDerefObj
AddItems_NivMakeParen0_TsDerefObj
AddItems_NivMakeParen0_SecAmpFwd
AddItems_NivMakeParen0_SecAppend
AddItems_NivMakeParen0_SecInsert
AddItems_NivMakeParen0_SecStarFwd
AddItems_NivNone_SecAmpFwd
AddItems_NivNone_SecAppend
AddItems_NivNone_SecInsert
AddItems_NivNone_SecStarFwd
AddItems_GsDerefObj
AddItems_GsDerefObj_TsParen
AddItems_GsDerefObj_WsParen
AddItems_GsDerefObj_WsDerefObj
AddItems_GsDerefObj_ValParen
AddItems_GsDerefObj_ValStar
AddItems_GsDerefObj_CxAppendSize
AddItems_GsDerefObj_CxFuncSize
AddItems_GsDerefObj_CxReadSize
AddItems_GsDerefObj_SecAmpFwd
AddItems_GsDerefObj_SecAppend
AddItems_GsDerefObj_SecFwd
AddItems_GsDerefObj_SecInsert
AddItems_GsDerefObj_SecPtrLiteral
AddItems_GsDerefObj_SecStarFwd
AddItems_GsParen_TsDerefObj
AddItems_GsParen_CxAppendSize
AddItems_GsParen_CxFuncSize
AddItems_GsParen_CxReadSize
AddItems_GsParen_SecAmpFwd
AddItems_GsParen_SecAppend
AddItems_GsParen_SecInsert
AddItems_GsParen_SecStarFwd
AddItems_GsReversed_TsDerefObj
AddItems_GsReversed_CxAppendSize
AddItems_GsReversed_CxFuncSize
AddItems_GsReversed_CxReadSize
AddItems_GsReversed_SecAmpFwd
AddItems_GsReversed_SecAppend
AddItems_GsReversed_SecInsert
AddItems_GsReversed_SecStarFwd
AddItems_TsDerefObj
AddItems_TsDerefObj_WsParen
AddItems_TsDerefObj_WsDerefObj
AddItems_TsDerefObj_ValParen
AddItems_TsDerefObj_ValStar
AddItems_TsDerefObj_CxAppendSize
AddItems_TsDerefObj_CxFuncSize
AddItems_TsDerefObj_CxReadSize
AddItems_TsDerefObj_SecAmpFwd
AddItems_TsDerefObj_SecAppend
AddItems_TsDerefObj_SecFwd
AddItems_TsDerefObj_SecInsert
AddItems_TsDerefObj_SecPtrLiteral
AddItems_TsDerefObj_SecStarFwd
AddItems_TsParen_CxAppendSize
AddItems_TsParen_CxFuncSize
AddItems_TsParen_CxReadSize
AddItems_TsParen_SecAmpFwd
AddItems_TsParen_SecAppend
AddItems_TsParen_SecInsert
AddItems_TsParen_SecStarFwd
AddItems_WsParen_CxAppendSize
AddItems_WsParen_CxFuncSize
AddItems_WsParen_CxReadSize
AddItems_WsParen_SecAmpFwd
AddItems_WsParen_SecAppend
AddItems_WsParen_SecInsert
AddItems_WsParen_SecStarFwd
AddItems_WsDerefObj_CxAppendSize
AddItems_WsDerefObj_CxFuncSize
AddItems_WsDerefObj_CxReadSize
AddItems_WsDerefObj_SecAmpFwd
AddItems_WsDerefObj_SecAppend
AddItems_WsDerefObj_SecInsert
AddItems_WsDerefObj_SecStarFwd
AddItems_ValParen_CxAppendSize
AddItems_ValParen_CxFuncSize
AddItems_ValParen_CxReadSize
AddItems_ValParen_SecAmpFwd
AddItems_ValParen_SecAppend
AddItems_ValParen_SecInsert
AddItems_ValParen_SecStarFwd
AddItems_ValStar_CxAppendSize
AddItems_ValStar_CxFuncSize
AddItems_ValStar_CxReadSize
AddItems_ValStar_SecAmpFwd
AddItems_ValStar_SecAppend
AddItems_ValStar_SecInsert
AddItems_ValStar_SecStarFwd
AddItems_CxAppendSize
AddItems_CxAppendSize_SecAmpFwd
AddItems_CxAppendSize_SecAppend
AddItems_CxAppendSize_SecFwd
AddItems_CxAppendSize_SecInsert
AddItems_CxAppendSize_SecPtrLiteral
AddItems_CxAppendSize_SecStarFwd
AddItems_CxFuncSize
AddItems_CxFuncSize_SecAmpFwd
AddItems_CxFuncSize_SecAppend
AddItems_CxFuncSize_SecFwd
AddItems_CxFuncSize_SecInsert
AddItems_CxFuncSize_SecPtrLiteral
AddItems_CxFuncSize_SecStarFwd
AddItems_CxReadSize
AddItems_CxReadSize_SecAmpFwd
AddItems_CxReadSize_SecAppend
AddItems_CxReadSize_SecFwd
AddItems_CxReadSize_SecInsert
AddItems_CxReadSize_SecPtrLiteral
AddItems_CxReadSize_SecStarFwd
AddItems_SecAmpFwd
AddItems_SecAppend
AddItems_SecInsert
AddItems_SecStarFwd
AddLabels_NivMake_GsDerefObj
AddLabels_NivMake_TsDerefObj
AddLabels_NivMake_CxAppendKey
AddLabels_NivMake_CxFuncKey
AddLabels_NivMake_SecAmpFwd
AddLabels_NivMake_SecAppend
AddLabels_NivMake_SecInsert
AddLabels_NivMake_SecStarFwd
AddLabels_NivMake0_GsDerefObj
AddLabels_NivMake0_TsDerefObj
AddLabels_NivMake0_CxAppendKey
AddLabels_NivMake0_CxFuncKey
AddLabels_NivMake0_SecAmpFwd
AddLabels_NivMake0_SecAppend
AddLabels_NivMake0_SecInsert
AddLabels_NivMake0_SecStarFwd
AddLabels_NivMake3_GsDerefObj
AddLabels_NivMake3_TsDerefObj
AddLabels_NivMake3_CxAppendKey
AddLabels_NivMake3_CxFuncKey
AddLabels_NivMake3_SecAmpFwd
AddLabels_NivMake3_SecAppend
AddLabels_NivMake3_SecInsert
AddLabels_NivMake3_SecStarFwd
AddLabels_NivMakeParen0_GsDerefObj
AddLabels_NivMakeParen0_TsDerefObj
AddLabels_NivMakeParen0_CxAppendKey
AddLabels_NivMakeParen0_CxFuncKey
AddLabels_NivMakeParen0_SecAmpFwd
AddLabels_NivMakeParen0_SecAppend
AddLabels_NivMakeParen0_SecInsert
AddLabels_NivMakeParen0_SecStarFwd
AddLabels_NivNone_CxAppendKey
AddLabels_NivNone_CxFuncKey
AddLabels_NivNone_SecAmpFwd
AddLabels_NivNone_SecAppend
AddLabels_NivNone_SecInsert
AddLabels_NivNone_SecStarFwd
AddLabels_GsDerefObj
AddLabels_GsDerefObj_TsParen
AddLabels_GsDerefObj_WsParen
AddLabels_GsDerefObj_WsDerefObj
AddLabels_GsDerefObj_ValParen
AddLabels_GsDerefObj_ValStar
AddLabels_GsDerefObj_CxAppendKey
AddLabels_GsDerefObj_CxAppendSize
AddLabels_GsDerefObj_CxFuncKey
AddLabels_GsDerefObj_CxFuncSize
AddLabels_GsDerefObj_CxReadKey
AddLabels_GsDerefObj_CxReadSize
AddLabels_GsDerefObj_SecAmpFwd
AddLabels_GsDerefObj_SecAppend
AddLabels_GsDerefObj_SecFwd
AddLabels_GsDerefObj_SecInsert
AddLabels_GsDerefObj_SecPtrLiteral
AddLabels_GsDerefObj_SecStarFwd
AddLabels_GsParen_TsDerefObj
AddLabels_GsParen_CxAppendKey
AddLabels_GsParen_CxAppendSize
AddLabels_GsParen_CxFuncKey
AddLabels_GsParen_CxFuncSize
AddLabels_GsParen_CxReadSize
AddLabels_GsParen_SecAmpFwd
AddLabels_GsParen_SecAppend
AddLabels_GsParen_SecInsert
AddLabels_GsParen_SecStarFwd
AddLabels_GsReversed_TsDerefObj
AddLabels_GsReversed_CxAppendKey
AddLabels_GsReversed_CxAppendSize
AddLabels_GsReversed_CxFuncKey
AddLabels_GsReversed_CxFuncSize
AddLabels_GsReversed_CxReadSize
AddLabels_GsReversed_SecAmpFwd
AddLabels_GsReversed_SecAppend
AddLabels_GsReversed_SecInsert
AddLabels_GsReversed_SecStarFwd
AddLabels_TsDerefObj
AddLabels_TsDerefObj_WsParen
AddLabels_TsDerefObj_WsDerefObj
AddLabels_TsDerefObj_ValParen
AddLabels_TsDerefObj_ValStar
AddLabels_TsDerefObj_CxAppendKey
AddLabels_TsDerefObj_CxAppendSize
AddLabels_TsDerefObj_CxFuncKey
AddLabels_TsDerefObj_CxFuncSize
AddLabels_TsDerefObj_CxReadKey
AddLabels_TsDerefObj_CxReadSize
AddLabels_TsDerefObj_SecAmpFwd
AddLabels_TsDerefObj_SecAppend
AddLabels_TsDerefObj_SecFwd
AddLabels_TsDerefObj_SecInsert
AddLabels_TsDerefObj_SecPtrLiteral
AddLabels_TsDerefObj_SecStarFwd
AddLabels_TsParen_CxAppendKey
AddLabels_TsParen_CxAppendSize
AddLabels_TsParen_CxFuncKey
AddLabels_TsParen_CxFuncSize
AddLabels_TsParen_CxReadSize
AddLabels_TsParen_SecAmpFwd
AddLabels_TsParen_SecAppend
AddLabels_TsParen_SecInsert
AddLabels_TsParen_SecStarFwd
AddLabels_WsParen_CxAppendKey
AddLabels_WsParen_CxAppendSize
AddLabels_WsParen_CxFuncKey
AddLabels_WsParen_CxFuncSize
AddLabels_WsParen_CxReadSize
AddLabels_WsParen_SecAmpFwd
AddLabels_WsParen_SecAppend
AddLabels_WsParen_SecInsert
AddLabels_WsParen_SecStarFwd
AddLabels_WsDerefObj_CxAppendKey
AddLabels_WsDerefObj_CxAppendSize
AddLabels_WsDerefObj_CxFuncKey
AddLabels_WsDerefObj_CxFuncSize
AddLabels_WsDerefObj_CxReadSize
AddLabels_WsDerefObj_SecAmpFwd
AddLabels_WsDerefObj_SecAppend
AddLabels_WsDerefObj_SecInsert
AddLabels_WsDerefObj_SecStarFwd
AddLabels_ValParen_CxAppendKey
AddLabels_ValParen_CxAppendSize
AddLabels_ValParen_CxFuncKey
AddLabels_ValParen_CxFuncSize
AddLabels_ValParen_CxReadSize
AddLabels_ValParen_SecAmpFwd
AddLabels_ValParen_SecAppend
AddLabels_ValParen_SecInsert
AddLabels_ValParen_SecStarFwd
AddLabels_ValStar_CxAppendKey
AddLabels_ValStar_CxAppendSize
AddLabels_ValStar_CxFuncKey
AddLabels_ValStar_CxFuncSize
AddLabels_ValStar_CxReadSize
AddLabels_ValStar_SecAmpFwd
AddLabels_ValStar_SecAppend
AddLabels_ValStar_SecInsert
AddLabels_ValStar_SecStarFwd
AddLabels_CxAppendKey
AddLabels_CxAppendKey_SecAmpFwd
AddLabels_CxAppendKey_SecAppend
AddLabels_CxAppendKey_SecFwd
AddLabels_CxAppendKey_SecInsert
AddLabels_CxAppendKey_SecPtrLiteral
AddLabels_CxAppendKey_SecStarFwd
AddLabels_CxAppendSize
AddLabels_CxAppendSize_SecAmpFwd
AddLabels_CxAppendSize_SecAppend
AddLabels_CxAppendSize_SecFwd
AddLabels_CxAppendSize_SecInsert
AddLabels_CxAppendSize_SecPtrLiteral
AddLabels_CxAppendSize_SecStarFwd
AddLabels_CxFuncKey
AddLabels_CxFuncKey_SecAmpFwd
AddLabels_CxFuncKey_SecAppend
AddLabels_CxFuncKey_SecFwd
AddLabels_CxFuncKey_SecInsert
AddLabels_CxFuncKey_SecPtrLiteral
AddLabels_CxFuncKey_SecStarFwd
AddLabels_CxFuncSize
AddLabels_CxFuncSize_SecAmpFwd
AddLabels_CxFuncSize_SecAppend
AddLabels_CxFuncSize_SecFwd
AddLabels_CxFuncSize_SecInsert
AddLabels_CxFuncSize_SecPtrLiteral
AddLabels_CxFuncSize_SecStarFwd
AddLabels_CxReadKey_SecAmpFwd
AddLabels_CxReadKey_SecAppend
AddLabels_CxReadKey_SecInsert
AddLabels_CxReadKey_SecStarFwd
AddLabels_CxReadSize
AddLabels_CxReadSize_SecAmpFwd
AddLabels_CxReadSize_SecAppend
AddLabels_CxReadSize_SecFwd
AddLabels_CxReadSize_SecInsert
AddLabels_CxReadSize_SecPtrLiteral
AddLabels_CxReadSize_SecStarFwd
AddLabels_SecAmpFwd
AddLabels_SecAppend
AddLabels_SecInsert
AddLabels_SecStarFwd
SetEmb_NivNew_GsDerefObj
SetEmb_NivNew_TsDerefObj
SetEmb_NivNew_TsParen
SetEmb_NivNew_WsParen
SetEmb_NivNew_WsDerefObj
SetEmb_NivNew_WsStar
SetEmb_NivNew_WsStarParen
SetEmb_NivNew_WsWholeParen
SetEmb_NivNew_WsPromoted
SetEmb_NivNew_WsPromotedDerefObj
SetEmb_NivNew_SecAmpFwd
SetEmb_NivNew_SecStarFwd
SetEmb_NivNewParen_GsDerefObj
SetEmb_NivNewParen_TsDerefObj
SetEmb_NivNewParen_TsParen
SetEmb_NivNewParen_WsParen
SetEmb_NivNewParen_WsDerefObj
SetEmb_NivNewParen_WsStar
SetEmb_NivNewParen_WsStarParen
SetEmb_NivNewParen_WsWholeParen
SetEmb_NivNewParen_WsPromoted
SetEmb_NivNewParen_WsPromotedDerefObj
SetEmb_NivNewParen_SecAmpFwd
SetEmb_NivNewParen_SecStarFwd
SetEmb_GsDerefObj
SetEmb_GsDerefObj_TsDerefObj
SetEmb_GsDerefObj_TsParen
SetEmb_GsDerefObj_WsParen
SetEmb_GsDerefObj_WsDerefObj
SetEmb_GsDerefObj_WsStar
SetEmb_GsDerefObj_WsStarParen
SetEmb_GsDerefObj_WsWhole
SetEmb_GsDerefObj_WsWholeParen
SetEmb_GsDerefObj_WsPromoted
SetEmb_GsDerefObj_WsPromotedDerefObj
SetEmb_GsDerefObj_ValParen
SetEmb_GsDerefObj_ValStar
SetEmb_GsDerefObj_SecAmpFwd
SetEmb_GsDerefObj_SecAppend
SetEmb_GsDerefObj_SecFwd
SetEmb_GsDerefObj_SecInsert
SetEmb_GsDerefObj_SecPtrLiteral
SetEmb_GsDerefObj_SecStarFwd
SetEmb_GsParen_TsDerefObj
SetEmb_GsParen_TsParen
SetEmb_GsParen_WsParen
SetEmb_GsParen_WsDerefObj
SetEmb_GsParen_WsStar
SetEmb_GsParen_WsStarParen
SetEmb_GsParen_WsWholeParen
SetEmb_GsParen_WsPromoted
SetEmb_GsParen_WsPromotedDerefObj
SetEmb_GsParen_SecAmpFwd
SetEmb_GsParen_SecStarFwd
SetEmb_GsReversed_TsDerefObj
SetEmb_GsReversed_TsParen
SetEmb_GsReversed_WsParen
SetEmb_GsReversed_WsDerefObj
SetEmb_GsReversed_WsStar
SetEmb_GsReversed_WsStarParen
SetEmb_GsReversed_WsWholeParen
SetEmb_GsReversed_WsPromoted
SetEmb_GsReversed_WsPromotedDerefObj
SetEmb_GsReversed_SecAmpFwd
SetEmb_GsReversed_SecStarFwd
SetEmb_TsDerefObj
SetEmb_TsDerefObj_WsParen
SetEmb_TsDerefObj_WsDerefObj
SetEmb_TsDerefObj_WsStar
SetEmb_TsDerefObj_WsStarParen
SetEmb_TsDerefObj_WsWhole
SetEmb_TsDerefObj_WsWholeParen
SetEmb_TsDerefObj_WsPromoted
SetEmb_TsDerefObj_WsPromotedDerefObj
SetEmb_TsDerefObj_ValParen
SetEmb_TsDerefObj_ValStar
SetEmb_TsDerefObj_SecAmpFwd
SetEmb_TsDerefObj_SecAppend
SetEmb_TsDerefObj_SecFwd
SetEmb_TsDerefObj_SecInsert
SetEmb_TsDerefObj_SecPtrLiteral
SetEmb_TsDerefObj_SecStarFwd
SetEmb_TsParen
SetEmb_TsParen_WsDerefObj
SetEmb_TsParen_WsStar
SetEmb_TsParen_WsStarParen
SetEmb_TsParen_WsWhole
SetEmb_TsParen_WsPromoted
SetEmb_TsParen_WsPromotedDerefObj
SetEmb_TsParen_ValParen
SetEmb_TsParen_ValStar
SetEmb_TsParen_SecAmpFwd
SetEmb_TsParen_SecAppend
SetEmb_TsParen_SecFwd
SetEmb_TsParen_SecInsert
SetEmb_TsParen_SecPtrLiteral
SetEmb_TsParen_SecStarFwd
SetEmb_WsParen
SetEmb_WsParen_ValParen
SetEmb_WsParen_ValStar
SetEmb_WsParen_SecAmpFwd
SetEmb_WsParen_SecAppend
SetEmb_WsParen_SecFwd
SetEmb_WsParen_SecInsert
SetEmb_WsParen_SecPtrLiteral
SetEmb_WsParen_SecStarFwd
SetEmb_WsDerefObj
SetEmb_WsDerefObj_ValParen
SetEmb_WsDerefObj_ValStar
SetEmb_WsDerefObj_SecAmpFwd
SetEmb_WsDerefObj_SecAppend
SetEmb_WsDerefObj_SecFwd
SetEmb_WsDerefObj_SecInsert
SetEmb_WsDerefObj_SecPtrLiteral
SetEmb_WsDerefObj_SecStarFwd
SetEmb_WsStar
SetEmb_WsStar_ValParen
SetEmb_WsStar_ValStar
SetEmb_WsStar_SecAmpFwd
SetEmb_WsStar_SecAppend
SetEmb_WsStar_SecFwd
SetEmb_WsStar_SecInsert
SetEmb_WsStar_SecPtrLiteral
SetEmb_WsStar_SecStarFwd
SetEmb_WsStarParen
SetEmb_WsStarParen_ValParen
SetEmb_WsStarParen_ValStar
SetEmb_WsStarParen_SecAmpFwd
SetEmb_WsStarParen_SecAppend
SetEmb_WsStarParen_SecFwd
SetEmb_WsStarParen_SecInsert
SetEmb_WsStarParen_SecPtrLiteral
SetEmb_WsStarParen_SecStarFwd
SetEmb_WsWhole_SecAmpFwd
SetEmb_WsWhole_SecStarFwd
SetEmb_WsWholeParen
SetEmb_WsWholeParen_ValParen
SetEmb_WsWholeParen_ValStar
SetEmb_WsWholeParen_ValKeyed
SetEmb_WsWholeParen_ValPositional
SetEmb_WsWholeParen_SecAmpFwd
SetEmb_WsWholeParen_SecAppend
SetEmb_WsWholeParen_SecFwd
SetEmb_WsWholeParen_SecInsert
SetEmb_WsWholeParen_SecPtrLiteral
SetEmb_WsWholeParen_SecStarFwd
SetEmb_WsPromoted
SetEmb_WsPromoted_ValParen
SetEmb_WsPromoted_ValStar
SetEmb_WsPromoted_SecAmpFwd
SetEmb_WsPromoted_SecAppend
SetEmb_WsPromoted_SecFwd
SetEmb_WsPromoted_SecInsert
SetEmb_WsPromoted_SecPtrLiteral
SetEmb_WsPromoted_SecStarFwd
SetEmb_WsPromotedDerefObj
SetEmb_WsPromotedDerefObj_ValParen
SetEmb_WsPromotedDerefObj_ValStar
SetEmb_WsPromotedDerefObj_SecAmpFwd
SetEmb_WsPromotedDerefObj_SecAppend
SetEmb_WsPromotedDerefObj_SecFwd
SetEmb_WsPromotedDerefObj_SecInsert
SetEmb_WsPromotedDerefObj_SecPtrLiteral
SetEmb_WsPromotedDerefObj_SecStarFwd
SetEmb_ValParen_SecAmpFwd
SetEmb_ValParen_SecStarFwd
SetEmb_ValStar_SecAmpFwd
SetEmb_ValStar_SecStarFwd
SetEmb_SecAmpFwd
SetEmb_SecStarFwd
SetPtr_WsParen_ValNil
SetPtr_WsParen_SecAmpFwd
SetPtr_WsParen_SecStarFwd
SetPtr_WsDerefObj_ValNil
SetPtr_WsDerefObj_SecAmpFwd
SetPtr_WsDerefObj_SecStarFwd
SetPtr_ValParen_SecAmpFwd
SetPtr_ValParen_SecStarFwd
SetPtr_ValAmp_SecAmpFwd
SetPtr_ValAmp_SecStarFwd
SetPtr_ValStar_SecAmpFwd
SetPtr_ValStar_SecStarFwd
SetPtr_ValNil
SetPtr_ValNil_SecAmpFwd
SetPtr_ValNil_SecAppend
SetPtr_ValNil_SecFwd
SetPtr_ValNil_SecInsert
SetPtr_ValNil_SecPtrLiteral
SetPtr_ValNil_SecStarFwd
SetPtr_ValKeyed_SecAmpFwd
SetPtr_ValKeyed_SecStarFwd
SetPtr_ValPositional_SecAmpFwd
SetPtr_ValPositional_SecStarFwd
SetPtr_SecAmpFwd
SetPtr_SecStarFwd
SetComp_WsParen_ValKeyedNil
SetComp_WsDerefObj_ValKeyedNil
SetComp_ValStar_SecAppend
SetComp_ValStar_SecInsert
SetComp_ValStar_SecPtrLiteral
SetComp_ValKeyedNil
AddRefs_NivLit_GsDerefObj
AddRefs_NivLit_TsDerefObj
AddRefs_NivLit_SecAmpFwd
AddRefs_NivLit_SecAppend
AddRefs_NivLit_SecInsert
AddRefs_NivLit_SecStarFwd
AddRefs_NivMake0_GsDerefObj
AddRefs_NivMake0_TsDerefObj
AddRefs_NivMake0_SecAmpFwd
AddRefs_NivMake0_SecAppend
AddRefs_NivMake0_SecInsert
AddRefs_NivMake0_SecStarFwd
AddRefs_NivMake0Cap4_GsDerefObj
AddRefs_NivMake0Cap4_TsDerefObj
AddRefs_NivMake0Cap4_SecAmpFwd
AddRefs_NivMake0Cap4_SecAppend
AddRefs_NivMake0Cap4_SecInsert
AddRefs_NivMake0Cap4_SecStarFwd
AddRefs_NivMake3
AddRefs_NivMake3_GsDerefObj
AddRefs_NivMake3_GsParen
AddRefs_NivMake3_GsReversed
AddRefs_NivMake3_TsDerefObj
AddRefs_NivMake3_TsParen
AddRefs_NivMake3_WsParen
AddRefs_NivMake3_WsDerefObj
AddRefs_NivMake3_ValParen
AddRefs_NivMake3_ValStar
AddRefs_NivMake3_ValKeyed
AddRefs_NivMake3_ValPositional
AddRefs_NivMake3_SecAmpFwd
AddRefs_NivMake3_SecAppend
AddRefs_NivMake3_SecFwd
AddRefs_NivMake3_SecInsert
AddRefs_NivMake3_SecPtrLiteral
AddRefs_NivMake3_SecStarFwd
AddRefs_NivMakeParen0_GsDerefObj
AddRefs_NivMakeParen0_TsDerefObj
AddRefs_NivMakeParen0_SecAmpFwd
AddRefs_NivMakeParen0_SecAppend
AddRefs_NivMakeParen0_SecInsert
AddRefs_NivMakeParen0_SecStarFwd
AddRefs_GsDerefObj_CxAppendSize
AddRefs_GsDerefObj_CxFuncSize
AddRefs_GsDerefObj_CxReadSize
AddRefs_GsParen_CxAppendSize
AddRefs_GsParen_CxFuncSize
AddRefs_GsParen_CxReadSize
AddRefs_GsReversed_CxAppendSize
AddRefs_GsReversed_CxFuncSize
AddRefs_GsReversed_CxReadSize
AddRefs_TsDerefObj_CxAppendSize
AddRefs_TsDerefObj_CxFuncSize
AddRefs_TsDerefObj_CxReadSize
AddRefs_TsParen_CxAppendSize
AddRefs_TsParen_CxFuncSize
AddRefs_TsParen_CxReadSize
AddRefs_WsParen_CxAppendSize
AddRefs_WsParen_CxFuncSize
AddRefs_WsParen_CxReadSize
AddRefs_WsParen_SecAmpFwd
AddRefs_WsParen_SecAppend
AddRefs_WsParen_SecInsert
AddRefs_WsParen_SecStarFwd
AddRefs_WsDerefObj_CxAppendSize
AddRefs_WsDerefObj_CxFuncSize
AddRefs_WsDerefObj_CxReadSize
AddRefs_WsDerefObj_SecAmpFwd
AddRefs_WsDerefObj_SecAppend
AddRefs_WsDerefObj_SecInsert
AddRefs_WsDerefObj_SecStarFwd
AddRefs_ValParen_CxAppendSize
AddRefs_ValParen_CxFuncSize
AddRefs_ValParen_CxReadSize
AddRefs_ValParen_SecAmpFwd
AddRefs_ValParen_SecAppend
AddRefs_ValParen_SecInsert
AddRefs_ValParen_SecStarFwd
AddRefs_ValStar_CxAppendSize
AddRefs_ValStar_CxFuncSize
AddRefs_ValStar_CxReadSize
AddRefs_ValStar_SecAmpFwd
AddRefs_ValStar_SecAppend
AddRefs_ValStar_SecInsert
AddRefs_ValStar_SecStarFwd
AddRefs_ValNil_SecAmpFwd
AddRefs_ValNil_SecAppend
AddRefs_ValNil_SecInsert
AddRefs_ValNil_SecStarFwd
AddRefs_ValKeyed_CxAppendSize
AddRefs_ValKeyed_CxFuncSize
AddRefs_ValKeyed_CxReadSize
AddRefs_ValKeyed_SecAmpFwd
AddRefs_ValKeyed_SecAppend
AddRefs_ValKeyed_SecInsert
AddRefs_ValKeyed_SecStarFwd
AddRefs_ValPositional_CxAppendSize
AddRefs_ValPositional_CxFuncSize
AddRefs_ValPositional_CxReadSize
AddRefs_ValPositional_SecAmpFwd
AddRefs_ValPositional_SecAppend
AddRefs_ValPositional_SecInsert
AddRefs_ValPositional_SecStarFwd
AddRefs_CxAppendSize
AddRefs_CxAppendSize_SecAmpFwd
AddRefs_CxAppendSize_SecAppend
AddRefs_CxAppendSize_SecFwd
AddRefs_CxAppendSize_SecInsert
AddRefs_CxAppendSize_SecPtrLiteral
AddRefs_CxAppendSize_SecStarFwd
AddRefs_CxFuncSize
AddRefs_CxFuncSize_SecAmpFwd
AddRefs_CxFuncSize_SecAppend
AddRefs_CxFuncSize_SecFwd
AddRefs_CxFuncSize_SecInsert
AddRefs_CxFuncSize_SecPtrLiteral
AddRefs_CxFuncSize_SecStarFwd
AddRefs_CxReadSize
AddRefs_CxReadSize_SecAmpFwd
AddRefs_CxReadSize_SecAppend
AddRefs_CxReadSize_SecFwd
AddRefs_CxReadSize_SecInsert
AddRefs_CxReadSize_SecPtrLiteral
AddRefs_CxReadSize_SecStarFwd
AddRefs_SecAmpFwd
AddRefs_SecAppend
AddRefs_SecInsert
AddRefs_SecStarFwd
AddRefMap_NivLit_GsDerefObj
AddRefMap_NivLit_TsDerefObj
AddRefMap_NivLit_CxAppendKey
AddRefMap_NivLit_CxFuncKey
AddRefMap_NivLit_SecAmpFwd
AddRefMap_NivLit_SecAppend
AddRefMap_NivLit_SecInsert
AddRefMap_NivLit_SecStarFwd
AddRefMap_NivMake_GsDerefObj
AddRefMap_NivMake_TsDerefObj
AddRefMap_NivMake_CxAppendKey
AddRefMap_NivMake_CxFuncKey
AddRefMap_NivMake_SecAmpFwd
AddRefMap_NivMake_SecAppend
AddRefMap_NivMake_SecInsert
AddRefMap_NivMake_SecStarFwd
AddRefMap_NivMake0_GsDerefObj
AddRefMap_NivMake0_TsDerefObj
AddRefMap_NivMake0_CxAppendKey
AddRefMap_NivMake0_CxFuncKey
AddRefMap_NivMake0_SecAmpFwd
AddRefMap_NivMake0_SecAppend
AddRefMap_NivMake0_SecInsert
AddRefMap_NivMake0_SecStarFwd
AddRefMap_NivMake3_GsDerefObj
AddRefMap_NivMake3_TsDerefObj
AddRefMap_NivMake3_CxAppendKey
AddRefMap_NivMake3_CxFuncKey
AddRefMap_NivMake3_SecAmpFwd
AddRefMap_NivMake3_SecAppend
AddRefMap_NivMake3_SecInsert
AddRefMap_NivMake3_SecStarFwd
AddRefMap_NivMakeParen0_GsDerefObj
AddRefMap_NivMakeParen0_TsDerefObj
AddRefMap_NivMakeParen0_CxAppendKey
AddRefMap_NivMakeParen0_CxFuncKey
AddRefMap_NivMakeParen0_SecAmpFwd
AddRefMap_NivMakeParen0_SecAppend
AddRefMap_NivMakeParen0_SecInsert
AddRefMap_NivMakeParen0_SecStarFwd
AddRefMap_GsDerefObj_CxAppendSize
AddRefMap_GsDerefObj_CxFuncSize
AddRefMap_GsDerefObj_CxReadSize
AddRefMap_GsParen_CxAppendSize
AddRefMap_GsParen_CxFuncSize
AddRefMap_GsParen_CxReadSize
AddRefMap_GsReversed_CxAppendSize
AddRefMap_GsReversed_CxFuncSize
AddRefMap_GsReversed_CxReadSize
AddRefMap_TsDerefObj_CxAppendSize
AddRefMap_TsDerefObj_CxFuncSize
AddRefMap_TsDerefObj_CxReadSize
AddRefMap_TsParen_CxAppendSize
AddRefMap_TsParen_CxFuncSize
AddRefMap_TsParen_CxReadSize
AddRefMap_WsParen_CxAppendKey
AddRefMap_WsParen_CxAppendSize
AddRefMap_WsParen_CxFuncKey
AddRefMap_WsParen_CxFuncSize
AddRefMap_WsParen_CxReadSize
AddRefMap_WsParen_SecAmpFwd
AddRefMap_WsParen_SecAppend
AddRefMap_WsParen_SecInsert
AddRefMap_WsParen_SecStarFwd
AddRefMap_WsDerefObj_CxAppendKey
AddRefMap_WsDerefObj_CxAppendSize
AddRefMap_WsDerefObj_CxFuncKey
AddRefMap_WsDerefObj_CxFuncSize
AddRefMap_WsDerefObj_CxReadSize
AddRefMap_WsDerefObj_SecAmpFwd
AddRefMap_WsDerefObj_SecAppend
AddRefMap_WsDerefObj_SecInsert
AddRefMap_WsDerefObj_SecStarFwd
AddRefMap_ValParen_CxAppendKey
AddRefMap_ValParen_CxAppendSize
AddRefMap_ValParen_CxFuncKey
AddRefMap_ValParen_CxFuncSize
AddRefMap_ValParen_CxReadSize
AddRefMap_ValParen_SecAmpFwd
AddRefMap_ValParen_SecAppend
AddRefMap_ValParen_SecInsert
AddRefMap_ValParen_SecStarFwd
AddRefMap_ValStar_CxAppendKey
AddRefMap_ValStar_CxAppendSize
AddRefMap_ValStar_CxFuncKey
AddRefMap_ValStar_CxFuncSize
AddRefMap_ValStar_CxReadSize
AddRefMap_ValStar_SecAmpFwd
AddRefMap_ValStar_SecAppend
AddRefMap_ValStar_SecInsert
AddRefMap_ValStar_SecStarFwd
AddRefMap_ValNil_CxAppendKey
AddRefMap_ValNil_CxFuncKey
AddRefMap_ValNil_SecAmpFwd
AddRefMap_ValNil_SecAppend
AddRefMap_ValNil_SecInsert
AddRefMap_ValNil_SecStarFwd
AddRefMap_ValKeyed_CxAppendKey
AddRefMap_ValKeyed_CxAppendSize
AddRefMap_ValKeyed_CxFuncKey
AddRefMap_ValKeyed_CxFuncSize
AddRefMap_ValKeyed_CxReadSize
AddRefMap_ValKeyed_SecAmpFwd
AddRefMap_ValKeyed_SecAppend
AddRefMap_ValKeyed_SecInsert
AddRefMap_ValKeyed_SecStarFwd
AddRefMap_ValPositional_CxAppendKey
AddRefMap_ValPositional_CxAppendSize
AddRefMap_ValPositional_CxFuncKey
AddRefMap_ValPositional_CxFuncSize
AddRefMap_ValPositional_CxReadSize
AddRefMap_ValPositional_SecAmpFwd
AddRefMap_ValPositional_SecAppend
AddRefMap_ValPositional_SecInsert
AddRefMap_ValPositional_SecStarFwd
AddRefMap_CxAppendKey
AddRefMap_CxAppendKey_SecAmpFwd
AddRefMap_CxAppendKey_SecAppend
AddRefMap_CxAppendKey_SecFwd
AddRefMap_CxAppendKey_SecInsert
AddRefMap_CxAppendKey_SecPtrLiteral
AddRefMap_CxAppendKey_SecStarFwd
AddRefMap_CxAppendSize
AddRefMap_CxAppendSize_SecAmpFwd
AddRefMap_CxAppendSize_SecAppend
AddRefMap_CxAppendSize_SecFwd
AddRefMap_CxAppendSize_SecInsert
AddRefMap_CxAppendSize_SecPtrLiteral
AddRefMap_CxAppendSize_SecStarFwd
AddRefMap_CxFuncKey
AddRefMap_CxFuncKey_SecAmpFwd
AddRefMap_CxFuncKey_SecAppend
AddRefMap_CxFuncKey_SecFwd
AddRefMap_CxFuncKey_SecInsert
AddRefMap_CxFuncKey_SecPtrLiteral
AddRefMap_CxFuncKey_SecStarFwd
AddRefMap_CxFuncSize
AddRefMap_CxFuncSize_SecAmpFwd
AddRefMap_CxFuncSize_SecAppend
AddRefMap_CxFuncSize_SecFwd
AddRefMap_CxFuncSize_SecInsert
AddRefMap_CxFuncSize_SecPtrLiteral
AddRefMap_CxFuncSize_SecStarFwd
AddRefMap_CxReadKey_SecAmpFwd
AddRefMap_CxReadKey_SecAppend
AddRefMap_CxReadKey_SecInsert
AddRefMap_CxReadKey_SecStarFwd
AddRefMap_CxReadSize
AddRefMap_CxReadSize_SecAmpFwd
AddRefMap_CxReadSize_SecAppend
AddRefMap_CxReadSize_SecFwd
AddRefMap_CxReadSize_SecInsert
AddRefMap_CxReadSize_SecPtrLiteral
AddRefMap_CxReadSize_SecStarFwd
AddRefMap_SecAmpFwd
AddRefMap_SecAppend
AddRefMap_SecInsert
AddRefMap_SecStarFwd
SetName_ValStar_SecAppend
SetName_ValStar_SecInsert
SetName_ValStar_SecPtrLiteral
SetPayload_WsParen_ValNil
SetPayload_WsParen_ValKeyedNil
SetPayload_WsParen_CxAppendType
SetPayload_WsParen_CxFuncType
SetPayload_WsParen_CxReadType
SetPayload_WsDerefObj_ValNil
SetPayload_WsDerefObj_ValKeyedNil
SetPayload_WsDerefObj_CxAppendType
SetPayload_WsDerefObj_CxFuncType
SetPayload_ValAmp_SecAppend
SetPayload_ValAmp_SecInsert
SetPayload_ValAmp_SecPtrLiteral
SetPayload_ValStar_SecAppend
SetPayload_ValStar_SecInsert
SetPayload_ValStar_SecPtrLiteral
SetPayload_ValNil
SetPayload_ValNil_SecAppend
SetPayload_ValNil_SecFwd
SetPayload_ValNil_SecInsert
SetPayload_ValNil_SecPtrLiteral
SetPayload_ValNil_SecStarFwd
SetPayload_ValKeyedNil
SetPayload_CxAppendType
SetPayload_CxFuncType
SetPayload_CxReadType
SetRaw_WsParen_ValNil
SetRaw_WsDerefObj_ValNil
SetRaw_ValStar_SecAppend
SetRaw_ValStar_SecInsert
SetRaw_ValStar_SecPtrLiteral
SetRaw_ValNil
SetRaw_ValNil_SecAmpFwd
SetRaw_ValNil_SecAppend
SetRaw_ValNil_SecFwd
SetRaw_ValNil_SecInsert
SetRaw_ValNil_SecPtrLiteral
SetRaw_ValNil_SecStarFwd
AddAnys_NivLit_GsDerefObj
AddAnys_NivLit_TsDerefObj
AddAnys_NivLit_CxAppendType
AddAnys_NivLit_CxFuncType
AddAnys_NivLit_CxReadType
AddAnys_NivLit_SecAmpFwd
AddAnys_NivLit_SecAppend
AddAnys_NivLit_SecInsert
AddAnys_NivLit_SecStarFwd
AddAnys_NivMake0_GsDerefObj
AddAnys_NivMake0_TsDerefObj
AddAnys_NivMake0_CxAppendType
AddAnys_NivMake0_CxFuncType
AddAnys_NivMake0_CxReadType
AddAnys_NivMake0_SecAmpFwd
AddAnys_NivMake0_SecAppend
AddAnys_NivMake0_SecInsert
AddAnys_NivMake0_SecStarFwd
AddAnys_NivMake0Cap4_GsDerefObj
AddAnys_NivMake0Cap4_TsDerefObj
AddAnys_NivMake0Cap4_CxAppendType
AddAnys_NivMake0Cap4_CxFuncType
AddAnys_NivMake0Cap4_CxReadType
AddAnys_NivMake0Cap4_SecAmpFwd
AddAnys_NivMake0Cap4_SecAppend
AddAnys_NivMake0Cap4_SecInsert
AddAnys_NivMake0Cap4_SecStarFwd
AddAnys_NivMake3
AddAnys_NivMake3_GsDerefObj
AddAnys_NivMake3_GsParen
AddAnys_NivMake3_GsReversed
AddAnys_NivMake3_TsDerefObj
AddAnys_NivMake3_TsParen
AddAnys_NivMake3_WsParen
AddAnys_NivMake3_WsDerefObj
AddAnys_NivMake3_ValParen
AddAnys_NivMake3_ValAmp
AddAnys_NivMake3_ValStar
AddAnys_NivMake3_ValKeyed
AddAnys_NivMake3_ValPositional
AddAnys_NivMake3_ValNested
AddAnys_NivMake3_ValMarshal
AddAnys_NivMake3_CxAppendType
AddAnys_NivMake3_CxFuncType
AddAnys_NivMake3_CxReadType
AddAnys_NivMake3_SecAmpFwd
AddAnys_NivMake3_SecAppend
AddAnys_NivMake3_SecFwd
AddAnys_NivMake3_SecInsert
AddAnys_NivMake3_SecPtrLiteral
AddAnys_NivMake3_SecStarFwd
AddAnys_NivMakeParen0_GsDerefObj
AddAnys_NivMakeParen0_TsDerefObj
AddAnys_NivMakeParen0_CxAppendType
AddAnys_NivMakeParen0_CxFuncType
AddAnys_NivMakeParen0_CxReadType
AddAnys_NivMakeParen0_SecAmpFwd
AddAnys_NivMakeParen0_SecAppend
AddAnys_NivMakeParen0_SecInsert
AddAnys_NivMakeParen0_SecStarFwd
AddAnys_GsDerefObj_CxAppendSize
AddAnys_GsDerefObj_CxFuncSize
AddAnys_GsDerefObj_CxReadSize
AddAnys_GsParen_CxAppendSize
AddAnys_GsParen_CxFuncSize
AddAnys_GsParen_CxReadSize
AddAnys_GsReversed_CxAppendSize
AddAnys_GsReversed_CxFuncSize
AddAnys_GsReversed_CxReadSize
AddAnys_TsDerefObj_CxAppendSize
AddAnys_TsDerefObj_CxFuncSize
AddAnys_TsDerefObj_CxReadSize
AddAnys_TsParen_CxAppendSize
AddAnys_TsParen_CxFuncSize
AddAnys_TsParen_CxReadSize
AddAnys_WsParen_CxAppendSize
AddAnys_WsParen_CxAppendType
AddAnys_WsParen_CxFuncSize
AddAnys_WsParen_CxFuncType
AddAnys_WsParen_CxReadSize
AddAnys_WsParen_CxReadType
AddAnys_WsParen_SecAmpFwd
AddAnys_WsParen_SecAppend
AddAnys_WsParen_SecInsert
AddAnys_WsParen_SecStarFwd
AddAnys_WsDerefObj_CxAppendSize
AddAnys_WsDerefObj_CxAppendType
AddAnys_WsDerefObj_CxFuncSize
AddAnys_WsDerefObj_CxFuncType
AddAnys_WsDerefObj_CxReadSize
AddAnys_WsDerefObj_SecAmpFwd
AddAnys_WsDerefObj_SecAppend
AddAnys_WsDerefObj_SecInsert
AddAnys_WsDerefObj_SecStarFwd
AddAnys_WsIndex_ValNil
AddAnys_WsIndex_ValKeyedNil
AddAnys_WsIndex_CxAppendType
AddAnys_WsIndex_CxFuncType
AddAnys_ValParen_CxAppendSize
AddAnys_ValParen_CxFuncSize
AddAnys_ValParen_CxReadSize
AddAnys_ValParen_SecAmpFwd
AddAnys_ValParen_SecAppend
AddAnys_ValParen_SecInsert
AddAnys_ValParen_SecStarFwd
AddAnys_ValAmp_CxAppendSize
AddAnys_ValAmp_CxFuncSize
AddAnys_ValAmp_CxReadSize
AddAnys_ValAmp_SecAmpFwd
AddAnys_ValAmp_SecAppend
AddAnys_ValAmp_SecInsert
AddAnys_ValAmp_SecStarFwd
AddAnys_ValStar_CxAppendSize
AddAnys_ValStar_CxFuncSize
AddAnys_ValStar_CxReadSize
AddAnys_ValStar_SecAmpFwd
AddAnys_ValStar_SecAppend
AddAnys_ValStar_SecInsert
AddAnys_ValStar_SecStarFwd
AddAnys_ValNil_SecAmpFwd
AddAnys_ValNil_SecAppend
AddAnys_ValNil_SecInsert
AddAnys_ValNil_SecStarFwd
AddAnys_ValKeyed_CxAppendSize
AddAnys_ValKeyed_CxFuncSize
AddAnys_ValKeyed_CxReadSize
AddAnys_ValKeyed_SecAmpFwd
AddAnys_ValKeyed_SecAppend
AddAnys_ValKeyed_SecInsert
AddAnys_ValKeyed_SecStarFwd
AddAnys_ValPositional_CxAppendSize
AddAnys_ValPositional_CxFuncSize
AddAnys_ValPositional_CxReadSize
AddAnys_ValPositional_SecAmpFwd
AddAnys_ValPositional_SecAppend
AddAnys_ValPositional_SecInsert
AddAnys_ValPositional_SecStarFwd
AddAnys_ValNested_CxAppendSize
AddAnys_ValNested_CxFuncSize
AddAnys_ValNested_CxReadSize
AddAnys_ValNested_SecAmpFwd
AddAnys_ValNested_SecAppend
AddAnys_ValNested_SecInsert
AddAnys_ValNested_SecStarFwd
AddAnys_ValKeyedNil_SecAmpFwd
AddAnys_ValKeyedNil_SecAppend
AddAnys_ValKeyedNil_SecInsert
AddAnys_ValKeyedNil_SecStarFwd
AddAnys_ValMarshal_CxAppendSize
AddAnys_ValMarshal_CxFuncSize
AddAnys_ValMarshal_CxReadSize
AddAnys_ValMarshal_SecAmpFwd
AddAnys_ValMarshal_SecAppend
AddAnys_ValMarshal_SecInsert
AddAnys_ValMarshal_SecStarFwd
AddAnys_CxAppendSize
AddAnys_CxAppendSize_SecAmpFwd
AddAnys_CxAppendSize_SecAppend
AddAnys_CxAppendSize_SecFwd
AddAnys_CxAppendSize_SecInsert
AddAnys_CxAppendSize_SecPtrLiteral
AddAnys_CxAppendSize_SecStarFwd
AddAnys_CxAppendType
AddAnys_CxAppendType_SecAmpFwd
AddAnys_CxAppendType_SecAppend
AddAnys_CxAppendType_SecFwd
AddAnys_CxAppendType_SecInsert
AddAnys_CxAppendType_SecPtrLiteral
AddAnys_CxAppendType_SecStarFwd
AddAnys_CxFuncSize
AddAnys_CxFuncSize_SecAmpFwd
AddAnys_CxFuncSize_SecAppend
AddAnys_CxFuncSize_SecFwd
AddAnys_CxFuncSize_SecInsert
AddAnys_CxFuncSize_SecPtrLiteral
AddAnys_CxFuncSize_SecStarFwd
AddAnys_CxFuncType
AddAnys_CxFuncType_SecAmpFwd
AddAnys_CxFuncType_SecAppend
AddAnys_CxFuncType_SecFwd
AddAnys_CxFuncType_SecInsert
AddAnys_CxFuncType_SecPtrLiteral
AddAnys_CxFuncType_SecStarFwd
AddAnys_CxReadSize
AddAnys_CxReadSize_SecAmpFwd
AddAnys_CxReadSize_SecAppend
AddAnys_CxReadSize_SecFwd
AddAnys_CxReadSize_SecInsert
AddAnys_CxReadSize_SecPtrLiteral
AddAnys_CxReadSize_SecStarFwd
AddAnys_CxReadType
AddAnys_CxReadType_SecAmpFwd
AddAnys_CxReadType_SecAppend
AddAnys_CxReadType_SecFwd
AddAnys_CxReadType_SecInsert
AddAnys_CxReadType_SecPtrLiteral
AddAnys_CxReadType_SecStarFwd
AddAnys_SecAmpFwd
AddAnys_SecAppend
AddAnys_SecInsert
AddAnys_SecStarFwd
