# The generated bodies the grammar alone admits and a check before it
# refuses, one name per line. Written by TestClassify_GeneratedGaps with
# KURE_ADMISSION_GOLDEN=1; review the diff.
SetRef_NivNew_SecAmpFwd
SetRef_NivNew_SecStarFwd
SetRef_NivNewParen_SecAmpFwd
SetRef_NivNewParen_SecStarFwd
SetRef_GsParen_SecAmpFwd
SetRef_GsParen_SecStarFwd
SetRef_GsReversed_SecAmpFwd
SetRef_GsReversed_SecStarFwd
SetRef_WsWhole_SecAmpFwd
SetRef_WsWhole_SecStarFwd
SetRef_ValParen_SecAmpFwd
SetRef_ValParen_SecStarFwd
SetRef_ValStar_SecAmpFwd
SetRef_ValStar_SecStarFwd
SetRef_SecAmpFwd
SetRef_SecAmpFwd_NestOn
SetRef_SecStarFwd
SetRef_SecStarFwd_NestOn
SetNested_NivNew_SecAmpFwd
SetNested_NivNew_SecStarFwd
SetNested_NivNewParen_SecAmpFwd
SetNested_NivNewParen_SecStarFwd
SetNested_GsParen_SecAmpFwd
SetNested_GsParen_SecStarFwd
SetNested_GsReversed_SecAmpFwd
SetNested_GsReversed_SecStarFwd
SetNested_WsWhole_SecAmpFwd
SetNested_WsWhole_SecStarFwd
SetNested_ValParen_SecAmpFwd
SetNested_ValParen_SecStarFwd
SetNested_ValStar_SecAmpFwd
SetNested_ValStar_SecStarFwd
SetNested_SecAmpFwd
SetNested_SecStarFwd
SetArr_WsWhole_SecAmpFwd
SetArr_WsWhole_SecStarFwd
AddSliceP_NivNew_SecAmpFwd
AddSliceP_NivNew_SecStarFwd
AddSliceP_NivNewParen_SecAmpFwd
AddSliceP_NivNewParen_SecStarFwd
AddSliceP_NivNone_SecAmpFwd
AddSliceP_NivNone_SecStarFwd
AddSliceP_GsParen_SecAmpFwd
AddSliceP_GsParen_SecStarFwd
AddSliceP_GsReversed_SecAmpFwd
AddSliceP_GsReversed_SecStarFwd
AddSliceP_WsWhole_SecAmpFwd
AddSliceP_WsWhole_SecStarFwd
AddSliceP_ValParen_SecAmpFwd
AddSliceP_ValParen_SecStarFwd
AddSliceP_ValStar_SecAmpFwd
AddSliceP_ValStar_SecStarFwd
AddSliceP_SecAmpFwd
AddSliceP_SecStarFwd
AddItems_NivMake0_SecAmpFwd
AddItems_NivMake0_SecStarFwd
AddItems_NivMake0Cap4_SecAmpFwd
AddItems_NivMake0Cap4_SecStarFwd
AddItems_NivMakeParen0_SecAmpFwd
AddItems_NivMakeParen0_SecStarFwd
AddItems_NivNone_SecAmpFwd
AddItems_NivNone_SecStarFwd
AddItems_GsParen_SecAmpFwd
AddItems_GsParen_SecStarFwd
AddItems_GsReversed_SecAmpFwd
AddItems_GsReversed_SecStarFwd
AddItems_TsParen_SecAmpFwd
AddItems_TsParen_SecStarFwd
AddItems_WsParen_SecAmpFwd
AddItems_WsParen_SecStarFwd
AddItems_WsDerefObj_SecAmpFwd
AddItems_WsDerefObj_SecStarFwd
AddItems_ValParen_SecAmpFwd
AddItems_ValParen_SecStarFwd
AddItems_ValStar_SecAmpFwd
AddItems_ValStar_SecStarFwd
AddItems_SecAmpFwd
AddItems_SecStarFwd
AddLabels_NivMake_SecAmpFwd
AddLabels_NivMake_SecStarFwd
AddLabels_NivMake0_SecAmpFwd
AddLabels_NivMake0_SecStarFwd
AddLabels_NivMake3_SecAmpFwd
AddLabels_NivMake3_SecStarFwd
AddLabels_NivMakeParen0_SecAmpFwd
AddLabels_NivMakeParen0_SecStarFwd
AddLabels_NivNone_SecAmpFwd
AddLabels_NivNone_SecStarFwd
AddLabels_GsParen_SecAmpFwd
AddLabels_GsParen_SecStarFwd
AddLabels_GsReversed_SecAmpFwd
AddLabels_GsReversed_SecStarFwd
AddLabels_TsParen_SecAmpFwd
AddLabels_TsParen_SecStarFwd
AddLabels_WsParen_SecAmpFwd
AddLabels_WsParen_SecStarFwd
AddLabels_WsDerefObj_SecAmpFwd
AddLabels_WsDerefObj_SecStarFwd
AddLabels_ValParen_SecAmpFwd
AddLabels_ValParen_SecStarFwd
AddLabels_ValStar_SecAmpFwd
AddLabels_ValStar_SecStarFwd
AddLabels_CxReadKey_SecAmpFwd
AddLabels_CxReadKey_SecStarFwd
AddLabels_SecAmpFwd
AddLabels_SecStarFwd
SetEmb_NivNew_SecAmpFwd
SetEmb_NivNew_SecStarFwd
SetEmb_NivNewParen_SecAmpFwd
SetEmb_NivNewParen_SecStarFwd
SetEmb_GsParen_SecAmpFwd
SetEmb_GsParen_SecStarFwd
SetEmb_GsReversed_SecAmpFwd
SetEmb_GsReversed_SecStarFwd
SetEmb_WsWhole_SecAmpFwd
SetEmb_WsWhole_SecStarFwd
SetEmb_ValParen_SecAmpFwd
SetEmb_ValParen_SecStarFwd
SetEmb_ValStar_SecAmpFwd
SetEmb_ValStar_SecStarFwd
SetEmb_SecAmpFwd
SetEmb_SecStarFwd
SetPtr_WsParen_ValNil
SetPtr_WsParen_SecAmpFwd
SetPtr_WsParen_SecStarFwd
SetPtr_WsDerefObj_ValNil
SetPtr_WsDerefObj_SecAmpFwd
SetPtr_WsDerefObj_SecStarFwd
SetPtr_ValParen_SecAmpFwd
SetPtr_ValParen_SecStarFwd
SetPtr_ValAmp_SecAmpFwd
SetPtr_ValAmp_SecStarFwd
SetPtr_ValStar_SecAmpFwd
SetPtr_ValStar_SecStarFwd
SetPtr_ValNil
SetPtr_ValNil_SecAmpFwd
SetPtr_ValNil_SecAppend
SetPtr_ValNil_SecFwd
SetPtr_ValNil_SecInsert
SetPtr_ValNil_SecPtrLiteral
SetPtr_ValNil_SecStarFwd
SetPtr_ValKeyed_SecAmpFwd
SetPtr_ValKeyed_SecStarFwd
SetPtr_ValPositional_SecAmpFwd
SetPtr_ValPositional_SecStarFwd
SetPtr_SecAmpFwd
SetPtr_SecStarFwd
SetComp_WsParen_ValKeyedNil
SetComp_WsDerefObj_ValKeyedNil
SetComp_ValStar_SecAppend
SetComp_ValStar_SecInsert
SetComp_ValStar_SecPtrLiteral
SetComp_ValKeyedNil
AddRefs_NivLit_SecAmpFwd
AddRefs_NivLit_SecStarFwd
AddRefs_NivMake0_SecAmpFwd
AddRefs_NivMake0_SecStarFwd
AddRefs_NivMake0Cap4_SecAmpFwd
AddRefs_NivMake0Cap4_SecStarFwd
AddRefs_NivMakeParen0_SecAmpFwd
AddRefs_NivMakeParen0_SecStarFwd
AddRefs_WsParen_SecAmpFwd
AddRefs_WsParen_SecStarFwd
AddRefs_WsDerefObj_SecAmpFwd
AddRefs_WsDerefObj_SecStarFwd
AddRefs_ValParen_SecAmpFwd
AddRefs_ValParen_SecStarFwd
AddRefs_ValStar_SecAmpFwd
AddRefs_ValStar_SecStarFwd
AddRefs_ValNil_SecAmpFwd
AddRefs_ValNil_SecStarFwd
AddRefs_ValKeyed_SecAmpFwd
AddRefs_ValKeyed_SecStarFwd
AddRefs_ValPositional_SecAmpFwd
AddRefs_ValPositional_SecStarFwd
AddRefs_SecAmpFwd
AddRefs_SecStarFwd
AddRefMap_NivLit_SecAmpFwd
AddRefMap_NivLit_SecStarFwd
AddRefMap_NivMake_SecAmpFwd
AddRefMap_NivMake_SecStarFwd
AddRefMap_NivMake0_SecAmpFwd
AddRefMap_NivMake0_SecStarFwd
AddRefMap_NivMake3_SecAmpFwd
AddRefMap_NivMake3_SecStarFwd
AddRefMap_NivMakeParen0_SecAmpFwd
AddRefMap_NivMakeParen0_SecStarFwd
AddRefMap_WsParen_SecAmpFwd
AddRefMap_WsParen_SecStarFwd
AddRefMap_WsDerefObj_SecAmpFwd
AddRefMap_WsDerefObj_SecStarFwd
AddRefMap_ValParen_SecAmpFwd
AddRefMap_ValParen_SecStarFwd
AddRefMap_ValStar_SecAmpFwd
AddRefMap_ValStar_SecStarFwd
AddRefMap_ValNil_SecAmpFwd
AddRefMap_ValNil_SecStarFwd
AddRefMap_ValKeyed_SecAmpFwd
AddRefMap_ValKeyed_SecStarFwd
AddRefMap_ValPositional_SecAmpFwd
AddRefMap_ValPositional_SecStarFwd
AddRefMap_CxReadKey_SecAmpFwd
AddRefMap_CxReadKey_SecStarFwd
AddRefMap_SecAmpFwd
AddRefMap_SecStarFwd
SetName_ValStar_SecAppend
SetName_ValStar_SecInsert
SetName_ValStar_SecPtrLiteral
SetPayload_WsParen_ValNil
SetPayload_WsParen_ValKeyedNil
SetPayload_WsDerefObj_ValNil
SetPayload_WsDerefObj_ValKeyedNil
SetPayload_ValAmp_SecAppend
SetPayload_ValAmp_SecInsert
SetPayload_ValAmp_SecPtrLiteral
SetPayload_ValStar_SecAppend
SetPayload_ValStar_SecInsert
SetPayload_ValStar_SecPtrLiteral
SetPayload_ValNil
SetPayload_ValNil_SecAppend
SetPayload_ValNil_SecFwd
SetPayload_ValNil_SecInsert
SetPayload_ValNil_SecPtrLiteral
SetPayload_ValNil_SecStarFwd
SetPayload_ValKeyedNil
SetRaw_WsParen_ValNil
SetRaw_WsDerefObj_ValNil
SetRaw_ValStar_SecAppend
SetRaw_ValStar_SecInsert
SetRaw_ValStar_SecPtrLiteral
SetRaw_ValNil
SetRaw_ValNil_SecAmpFwd
SetRaw_ValNil_SecAppend
SetRaw_ValNil_SecFwd
SetRaw_ValNil_SecInsert
SetRaw_ValNil_SecPtrLiteral
SetRaw_ValNil_SecStarFwd
AddAnys_NivLit_SecAmpFwd
AddAnys_NivLit_SecStarFwd
AddAnys_NivMake0_SecAmpFwd
AddAnys_NivMake0_SecStarFwd
AddAnys_NivMake0Cap4_SecAmpFwd
AddAnys_NivMake0Cap4_SecStarFwd
AddAnys_NivMakeParen0_SecAmpFwd
AddAnys_NivMakeParen0_SecStarFwd
AddAnys_WsParen_SecAmpFwd
AddAnys_WsParen_SecStarFwd
AddAnys_WsDerefObj_SecAmpFwd
AddAnys_WsDerefObj_SecStarFwd
AddAnys_WsIndex_ValNil
AddAnys_WsIndex_ValKeyedNil
AddAnys_ValParen_SecAmpFwd
AddAnys_ValParen_SecStarFwd
AddAnys_ValAmp_SecAmpFwd
AddAnys_ValAmp_SecStarFwd
AddAnys_ValStar_SecAmpFwd
AddAnys_ValStar_SecStarFwd
AddAnys_ValNil_SecAmpFwd
AddAnys_ValNil_SecStarFwd
AddAnys_ValKeyed_SecAmpFwd
AddAnys_ValKeyed_SecStarFwd
AddAnys_ValPositional_SecAmpFwd
AddAnys_ValPositional_SecStarFwd
AddAnys_ValNested_SecAmpFwd
AddAnys_ValNested_SecStarFwd
AddAnys_ValKeyedNil_SecAmpFwd
AddAnys_ValKeyedNil_SecStarFwd
AddAnys_ValMarshal_SecAmpFwd
AddAnys_ValMarshal_SecStarFwd
AddAnys_SecAmpFwd
AddAnys_SecStarFwd
