# The generated bodies the grammar alone admits and a check before it
# refuses, one name per line. Written by TestClassify_GeneratedGaps with
# KURE_ADMISSION_GOLDEN=1; review the diff.
SetRef_NivNew_GsDerefObj
SetRef_NivNew_TsDerefObj
SetRef_NivNew_TsParen
SetRef_NivNew_WsParen
SetRef_NivNew_WsDerefObj
SetRef_NivNew_WsStar
SetRef_NivNew_WsStarParen
SetRef_NivNew_WsWholeParen
SetRef_NivNew_SecAmpFwd
SetRef_NivNew_SecStarFwd
SetRef_NivNewParen_GsDerefObj
SetRef_NivNewParen_TsDerefObj
SetRef_NivNewParen_TsParen
SetRef_NivNewParen_WsParen
SetRef_NivNewParen_WsDerefObj
SetRef_NivNewParen_WsStar
SetRef_NivNewParen_WsStarParen
SetRef_NivNewParen_WsWholeParen
SetRef_NivNewParen_SecAmpFwd
SetRef_NivNewParen_SecStarFwd
SetRef_GsDerefObj
SetRef_GsDerefObj_TsDerefObj
SetRef_GsDerefObj_TsParen
SetRef_GsDerefObj_WsParen
SetRef_GsDerefObj_WsDerefObj
SetRef_GsDerefObj_WsStar
SetRef_GsDerefObj_WsStarParen
SetRef_GsDerefObj_WsWhole
SetRef_GsDerefObj_WsWholeParen
SetRef_GsDerefObj_ValParen
SetRef_GsDerefObj_ValStar
SetRef_GsDerefObj_SecAmpFwd
SetRef_GsDerefObj_SecAppend
SetRef_GsDerefObj_SecFwd
SetRef_GsDerefObj_SecInsert
SetRef_GsDerefObj_SecPtrLiteral
SetRef_GsDerefObj_SecStarFwd
SetRef_GsDerefObj_NestOn
SetRef_GsParen_TsDerefObj
SetRef_GsParen_TsParen
SetRef_GsParen_WsParen
SetRef_GsParen_WsDerefObj
SetRef_GsParen_WsStar
SetRef_GsParen_WsStarParen
SetRef_GsParen_WsWholeParen
SetRef_GsParen_SecAmpFwd
SetRef_GsParen_SecStarFwd
SetRef_GsReversed_TsDerefObj
SetRef_GsReversed_TsParen
SetRef_GsReversed_WsParen
SetRef_GsReversed_WsDerefObj
SetRef_GsReversed_WsStar
SetRef_GsReversed_WsStarParen
SetRef_GsReversed_WsWholeParen
SetRef_GsReversed_SecAmpFwd
SetRef_GsReversed_SecStarFwd
SetRef_TsDerefObj
SetRef_TsDerefObj_WsParen
SetRef_TsDerefObj_WsDerefObj
SetRef_TsDerefObj_WsStar
SetRef_TsDerefObj_WsStarParen
SetRef_TsDerefObj_WsWhole
SetRef_TsDerefObj_WsWholeParen
SetRef_TsDerefObj_ValParen
SetRef_TsDerefObj_ValStar
SetRef_TsDerefObj_SecAmpFwd
SetRef_TsDerefObj_SecAppend
SetRef_TsDerefObj_SecFwd
SetRef_TsDerefObj_SecInsert
SetRef_TsDerefObj_SecPtrLiteral
SetRef_TsDerefObj_SecStarFwd
SetRef_TsDerefObj_NestOn
SetRef_TsParen
SetRef_TsParen_WsDerefObj
SetRef_TsParen_WsStar
SetRef_TsParen_WsStarParen
SetRef_TsParen_WsWhole
SetRef_TsParen_ValParen
SetRef_TsParen_ValStar
SetRef_TsParen_SecAmpFwd
SetRef_TsParen_SecAppend
SetRef_TsParen_SecFwd
SetRef_TsParen_SecInsert
SetRef_TsParen_SecPtrLiteral
SetRef_TsParen_SecStarFwd
SetRef_TsParen_NestOn
SetRef_WsParen
SetRef_WsParen_ValParen
SetRef_WsParen_ValStar
SetRef_WsParen_SecAmpFwd
SetRef_WsParen_SecAppend
SetRef_WsParen_SecFwd
SetRef_WsParen_SecInsert
SetRef_WsParen_SecPtrLiteral
SetRef_WsParen_SecStarFwd
SetRef_WsParen_NestOn
SetRef_WsDerefObj
SetRef_WsDerefObj_ValParen
SetRef_WsDerefObj_ValStar
SetRef_WsDerefObj_SecAmpFwd
SetRef_WsDerefObj_SecAppend
SetRef_WsDerefObj_SecFwd
SetRef_WsDerefObj_SecInsert
SetRef_WsDerefObj_SecPtrLiteral
SetRef_WsDerefObj_SecStarFwd
SetRef_WsDerefObj_NestOn
SetRef_WsStar
SetRef_WsStar_ValParen
SetRef_WsStar_ValStar
SetRef_WsStar_SecAmpFwd
SetRef_WsStar_SecAppend
SetRef_WsStar_SecFwd
SetRef_WsStar_SecInsert
SetRef_WsStar_SecPtrLiteral
SetRef_WsStar_SecStarFwd
SetRef_WsStar_NestOn
SetRef_WsStarParen
SetRef_WsStarParen_ValParen
SetRef_WsStarParen_ValStar
SetRef_WsStarParen_SecAmpFwd
SetRef_WsStarParen_SecAppend
SetRef_WsStarParen_SecFwd
SetRef_WsStarParen_SecInsert
SetRef_WsStarParen_SecPtrLiteral
SetRef_WsStarParen_SecStarFwd
SetRef_WsStarParen_NestOn
SetRef_WsWhole_SecAmpFwd
SetRef_WsWhole_SecStarFwd
SetRef_WsWholeParen
SetRef_WsWholeParen_ValParen
SetRef_WsWholeParen_ValStar
SetRef_WsWholeParen_ValKeyed
SetRef_WsWholeParen_ValPositional
SetRef_WsWholeParen_SecAmpFwd
SetRef_WsWholeParen_SecAppend
SetRef_WsWholeParen_SecFwd
SetRef_WsWholeParen_SecInsert
SetRef_WsWholeParen_SecPtrLiteral
SetRef_WsWholeParen_SecStarFwd
SetRef_WsWholeParen_NestOn
SetRef_ValParen_SecAmpFwd
SetRef_ValParen_SecStarFwd
SetRef_ValStar_SecAmpFwd
SetRef_ValStar_SecStarFwd
SetRef_SecAmpFwd
SetRef_SecAmpFwd_NestOn
SetRef_SecStarFwd
SetRef_SecStarFwd_NestOn
SetNested_NivNew_GsDerefObj
SetNested_NivNew_TsDerefObj
SetNested_NivNew_TsParen
SetNested_NivNew_WsParen
SetNested_NivNew_WsDerefObj
SetNested_NivNew_WsStar
SetNested_NivNew_WsStarParen
SetNested_NivNew_WsWholeParen
SetNested_NivNew_SecAmpFwd
SetNested_NivNew_SecStarFwd
SetNested_NivNewParen_GsDerefObj
SetNested_NivNewParen_TsDerefObj
SetNested_NivNewParen_TsParen
SetNested_NivNewParen_WsParen
SetNested_NivNewParen_WsDerefObj
SetNested_NivNewParen_WsStar
SetNested_NivNewParen_WsStarParen
SetNested_NivNewParen_WsWholeParen
SetNested_NivNewParen_SecAmpFwd
SetNested_NivNewParen_SecStarFwd
SetNested_GsDerefObj
SetNested_GsDerefObj_TsDerefObj
SetNested_GsDerefObj_TsParen
SetNested_GsDerefObj_WsParen
SetNested_GsDerefObj_WsDerefObj
SetNested_GsDerefObj_WsStar
SetNested_GsDerefObj_WsStarParen
SetNested_GsDerefObj_WsWhole
SetNested_GsDerefObj_WsWholeParen
SetNested_GsDerefObj_ValParen
SetNested_GsDerefObj_ValStar
SetNested_GsDerefObj_SecAmpFwd
SetNested_GsDerefObj_SecAppend
SetNested_GsDerefObj_SecFwd
SetNested_GsDerefObj_SecInsert
SetNested_GsDerefObj_SecPtrLiteral
SetNested_GsDerefObj_SecStarFwd
SetNested_GsParen_TsDerefObj
SetNested_GsParen_TsParen
SetNested_GsParen_WsParen
SetNested_GsParen_WsDerefObj
SetNested_GsParen_WsStar
SetNested_GsParen_WsStarParen
SetNested_GsParen_WsWholeParen
SetNested_GsParen_SecAmpFwd
SetNested_GsParen_SecStarFwd
SetNested_GsReversed_TsDerefObj
SetNested_GsReversed_TsParen
SetNested_GsReversed_WsParen
SetNested_GsReversed_WsDerefObj
SetNested_GsReversed_WsStar
SetNested_GsReversed_WsStarParen
SetNested_GsReversed_WsWholeParen
SetNested_GsReversed_SecAmpFwd
SetNested_GsReversed_SecStarFwd
SetNested_TsDerefObj
SetNested_TsDerefObj_WsParen
SetNested_TsDerefObj_WsDerefObj
SetNested_TsDerefObj_WsStar
SetNested_TsDerefObj_WsStarParen
SetNested_TsDerefObj_WsWhole
SetNested_TsDerefObj_WsWholeParen
SetNested_TsDerefObj_ValParen
SetNested_TsDerefObj_ValStar
SetNested_TsDerefObj_SecAmpFwd
SetNested_TsDerefObj_SecAppend
SetNested_TsDerefObj_SecFwd
SetNested_TsDerefObj_SecInsert
SetNested_TsDerefObj_SecPtrLiteral
SetNested_TsDerefObj_SecStarFwd
SetNested_TsParen
SetNested_TsParen_WsDerefObj
SetNested_TsParen_WsStar
SetNested_TsParen_WsStarParen
SetNested_TsParen_WsWhole
SetNested_TsParen_ValParen
SetNested_TsParen_ValStar
SetNested_TsParen_SecAmpFwd
SetNested_TsParen_SecAppend
SetNested_TsParen_SecFwd
SetNested_TsParen_SecInsert
SetNested_TsParen_SecPtrLiteral
SetNested_TsParen_SecStarFwd
SetNested_WsParen
SetNested_WsParen_ValParen
SetNested_WsParen_ValStar
SetNested_WsParen_SecAmpFwd
SetNested_WsParen_SecAppend
SetNested_WsParen_SecFwd
SetNested_WsParen_SecInsert
SetNested_WsParen_SecPtrLiteral
SetNested_WsParen_SecStarFwd
SetNested_WsDerefObj
SetNested_WsDerefObj_ValParen
SetNested_WsDerefObj_ValStar
SetNested_WsDerefObj_SecAmpFwd
SetNested_WsDerefObj_SecAppend
SetNested_WsDerefObj_SecFwd
SetNested_WsDerefObj_SecInsert
SetNested_WsDerefObj_SecPtrLiteral
SetNested_WsDerefObj_SecStarFwd
SetNested_WsStar
SetNested_WsStar_ValParen
SetNested_WsStar_ValStar
SetNested_WsStar_SecAmpFwd
SetNested_WsStar_SecAppend
SetNested_WsStar_SecFwd
SetNested_WsStar_SecInsert
SetNested_WsStar_SecPtrLiteral
SetNested_WsStar_SecStarFwd
SetNested_WsStarParen
SetNested_WsStarParen_ValParen
SetNested_WsStarParen_ValStar
SetNested_WsStarParen_SecAmpFwd
SetNested_WsStarParen_SecAppend
SetNested_WsStarParen_SecFwd
SetNested_WsStarParen_SecInsert
SetNested_WsStarParen_SecPtrLiteral
SetNested_WsStarParen_SecStarFwd
SetNested_WsWhole_SecAmpFwd
SetNested_WsWhole_SecStarFwd
SetNested_WsWholeParen
SetNested_WsWholeParen_ValParen
SetNested_WsWholeParen_ValStar
SetNested_WsWholeParen_ValKeyed
SetNested_WsWholeParen_ValPositional
SetNested_WsWholeParen_ValNested
SetNested_WsWholeParen_SecAmpFwd
SetNested_WsWholeParen_SecAppend
SetNested_WsWholeParen_SecFwd
SetNested_WsWholeParen_SecInsert
SetNested_WsWholeParen_SecPtrLiteral
SetNested_WsWholeParen_SecStarFwd
SetNested_ValParen_SecAmpFwd
SetNested_ValParen_SecStarFwd
SetNested_ValStar_SecAmpFwd
SetNested_ValStar_SecStarFwd
SetNested_SecAmpFwd
SetNested_SecStarFwd
SetArr
SetArr_NivNew
SetArr_NivNew_GsDerefObj
SetArr_NivNew_GsParen
SetArr_NivNew_GsReversed
SetArr_NivNew_TsDerefObj
SetArr_NivNew_TsParen
SetArr_NivNew_WsParen
SetArr_NivNew_WsDerefObj
SetArr_NivNew_WsStar
SetArr_NivNew_WsStarParen
SetArr_NivNew_WsWholeParen
SetArr_NivNew_ValParen
SetArr_NivNew_ValStar
SetArr_NivNew_CxReadKey
SetArr_NivNew_SecAmpFwd
SetArr_NivNew_SecAppend
SetArr_NivNew_SecFwd
SetArr_NivNew_SecInsert
SetArr_NivNew_SecPtrLiteral
SetArr_NivNew_SecStarFwd
SetArr_NivNewParen
SetArr_NivNewParen_GsDerefObj
SetArr_NivNewParen_GsParen
SetArr_NivNewParen_GsReversed
SetArr_NivNewParen_TsDerefObj
SetArr_NivNewParen_TsParen
SetArr_NivNewParen_WsParen
SetArr_NivNewParen_WsDerefObj
SetArr_NivNewParen_WsStar
SetArr_NivNewParen_WsStarParen
SetArr_NivNewParen_WsWholeParen
SetArr_NivNewParen_ValParen
SetArr_NivNewParen_ValStar
SetArr_NivNewParen_CxReadKey
SetArr_NivNewParen_SecAmpFwd
SetArr_NivNewParen_SecAppend
SetArr_NivNewParen_SecFwd
SetArr_NivNewParen_SecInsert
SetArr_NivNewParen_SecPtrLiteral
SetArr_NivNewParen_SecStarFwd
SetArr_GsDerefObj
SetArr_GsDerefObj_TsDerefObj
SetArr_GsDerefObj_TsParen
SetArr_GsDerefObj_WsParen
SetArr_GsDerefObj_WsDerefObj
SetArr_GsDerefObj_WsStar
SetArr_GsDerefObj_WsStarParen
SetArr_GsDerefObj_WsWhole
SetArr_GsDerefObj_WsWholeParen
SetArr_GsDerefObj_ValParen
SetArr_GsDerefObj_ValStar
SetArr_GsDerefObj_CxReadKey
SetArr_GsDerefObj_CxReadLength
SetArr_GsDerefObj_SecAmpFwd
SetArr_GsDerefObj_SecAppend
SetArr_GsDerefObj_SecFwd
SetArr_GsDerefObj_SecInsert
SetArr_GsDerefObj_SecPtrLiteral
SetArr_GsDerefObj_SecStarFwd
SetArr_GsParen
SetArr_GsParen_TsDerefObj
SetArr_GsParen_TsParen
SetArr_GsParen_WsParen
SetArr_GsParen_WsDerefObj
SetArr_GsParen_WsStar
SetArr_GsParen_WsStarParen
SetArr_GsParen_WsWholeParen
SetArr_GsParen_ValParen
SetArr_GsParen_ValStar
SetArr_GsParen_CxReadKey
SetArr_GsParen_CxReadLength
SetArr_GsParen_SecAmpFwd
SetArr_GsParen_SecAppend
SetArr_GsParen_SecFwd
SetArr_GsParen_SecInsert
SetArr_GsParen_SecPtrLiteral
SetArr_GsParen_SecStarFwd
SetArr_GsReversed
SetArr_GsReversed_TsDerefObj
SetArr_GsReversed_TsParen
SetArr_GsReversed_WsParen
SetArr_GsReversed_WsDerefObj
SetArr_GsReversed_WsStar
SetArr_GsReversed_WsStarParen
SetArr_GsReversed_WsWholeParen
SetArr_GsReversed_ValParen
SetArr_GsReversed_ValStar
SetArr_GsReversed_CxReadKey
SetArr_GsReversed_CxReadLength
SetArr_GsReversed_SecAmpFwd
SetArr_GsReversed_SecAppend
SetArr_GsReversed_SecFwd
SetArr_GsReversed_SecInsert
SetArr_GsReversed_SecPtrLiteral
SetArr_GsReversed_SecStarFwd
SetArr_TsDerefObj
SetArr_TsDerefObj_WsParen
SetArr_TsDerefObj_WsDerefObj
SetArr_TsDerefObj_WsStar
SetArr_TsDerefObj_WsStarParen
SetArr_TsDerefObj_WsWhole
SetArr_TsDerefObj_WsWholeParen
SetArr_TsDerefObj_ValParen
SetArr_TsDerefObj_ValStar
SetArr_TsDerefObj_CxReadKey
SetArr_TsDerefObj_CxReadLength
SetArr_TsDerefObj_SecAmpFwd
SetArr_TsDerefObj_SecAppend
SetArr_TsDerefObj_SecFwd
SetArr_TsDerefObj_SecInsert
SetArr_TsDerefObj_SecPtrLiteral
SetArr_TsDerefObj_SecStarFwd
SetArr_TsParen
SetArr_TsParen_WsParen
SetArr_TsParen_WsDerefObj
SetArr_TsParen_WsStar
SetArr_TsParen_WsStarParen
SetArr_TsParen_WsWhole
SetArr_TsParen_ValParen
SetArr_TsParen_ValStar
SetArr_TsParen_CxReadKey
SetArr_TsParen_CxReadLength
SetArr_TsParen_SecAmpFwd
SetArr_TsParen_SecAppend
SetArr_TsParen_SecFwd
SetArr_TsParen_SecInsert
SetArr_TsParen_SecPtrLiteral
SetArr_TsParen_SecStarFwd
SetArr_WsParen
SetArr_WsParen_ValParen
SetArr_WsParen_ValStar
SetArr_WsParen_CxReadKey
SetArr_WsParen_CxReadLength
SetArr_WsParen_SecAmpFwd
SetArr_WsParen_SecAppend
SetArr_WsParen_SecFwd
SetArr_WsParen_SecInsert
SetArr_WsParen_SecPtrLiteral
SetArr_WsParen_SecStarFwd
SetArr_WsDerefObj
SetArr_WsDerefObj_ValParen
SetArr_WsDerefObj_ValStar
SetArr_WsDerefObj_CxReadKey
SetArr_WsDerefObj_CxReadLength
SetArr_WsDerefObj_SecAmpFwd
SetArr_WsDerefObj_SecAppend
SetArr_WsDerefObj_SecFwd
SetArr_WsDerefObj_SecInsert
SetArr_WsDerefObj_SecPtrLiteral
SetArr_WsDerefObj_SecStarFwd
SetArr_WsStar
SetArr_WsStar_ValParen
SetArr_WsStar_ValStar
SetArr_WsStar_CxReadKey
SetArr_WsStar_CxReadLength
SetArr_WsStar_SecAmpFwd
SetArr_WsStar_SecAppend
SetArr_WsStar_SecFwd
SetArr_WsStar_SecInsert
SetArr_WsStar_SecPtrLiteral
SetArr_WsStar_SecStarFwd
SetArr_WsStarParen
SetArr_WsStarParen_ValParen
SetArr_WsStarParen_ValStar
SetArr_WsStarParen_CxReadKey
SetArr_WsStarParen_CxReadLength
SetArr_WsStarParen_SecAmpFwd
SetArr_WsStarParen_SecAppend
SetArr_WsStarParen_SecFwd
SetArr_WsStarParen_SecInsert
SetArr_WsStarParen_SecPtrLiteral
SetArr_WsStarParen_SecStarFwd
SetArr_WsWhole_CxReadLength
SetArr_WsWhole_SecAmpFwd
SetArr_WsWhole_SecStarFwd
SetArr_WsWholeParen
SetArr_WsWholeParen_ValParen
SetArr_WsWholeParen_ValStar
SetArr_WsWholeParen_CxReadLength
SetArr_WsWholeParen_SecAmpFwd
SetArr_WsWholeParen_SecAppend
SetArr_WsWholeParen_SecFwd
SetArr_WsWholeParen_SecInsert
SetArr_WsWholeParen_SecPtrLiteral
SetArr_WsWholeParen_SecStarFwd
SetArr_ValParen
SetArr_ValParen_CxReadKey
SetArr_ValParen_CxReadLength
SetArr_ValParen_SecAmpFwd
SetArr_ValParen_SecAppend
SetArr_ValParen_SecFwd
SetArr_ValParen_SecInsert
SetArr_ValParen_SecPtrLiteral
SetArr_ValParen_SecStarFwd
SetArr_ValStar
SetArr_ValStar_CxReadKey
SetArr_ValStar_CxReadLength
SetArr_ValStar_SecAmpFwd
SetArr_ValStar_SecAppend
SetArr_ValStar_SecFwd
SetArr_ValStar_SecInsert
SetArr_ValStar_SecPtrLiteral
SetArr_ValStar_SecStarFwd
SetArr_CxReadKey
SetArr_CxReadKey_SecAmpFwd
SetArr_CxReadKey_SecAppend
SetArr_CxReadKey_SecFwd
SetArr_CxReadKey_SecInsert
SetArr_CxReadKey_SecPtrLiteral
SetArr_CxReadKey_SecStarFwd
SetArr_CxReadLength
SetArr_CxReadLength_SecAmpFwd
SetArr_CxReadLength_SecAppend
SetArr_CxReadLength_SecFwd
SetArr_CxReadLength_SecInsert
SetArr_CxReadLength_SecPtrLiteral
SetArr_CxReadLength_SecStarFwd
SetArr_SecAmpFwd
SetArr_SecAppend
SetArr_SecFwd
SetArr_SecInsert
SetArr_SecPtrLiteral
SetArr_SecStarFwd
AddSliceP_NivNew_GsDerefObj
AddSliceP_NivNew_TsDerefObj
AddSliceP_NivNew_TsParen
AddSliceP_NivNew_WsParen
AddSliceP_NivNew_WsDerefObj
AddSliceP_NivNew_WsStar
AddSliceP_NivNew_SecAmpFwd
AddSliceP_NivNew_SecStarFwd
AddSliceP_NivNewParen_GsDerefObj
AddSliceP_NivNewParen_TsDerefObj
AddSliceP_NivNewParen_TsParen
AddSliceP_NivNewParen_WsParen
AddSliceP_NivNewParen_WsDerefObj
AddSliceP_NivNewParen_WsStar
AddSliceP_NivNewParen_SecAmpFwd
AddSliceP_NivNewParen_SecStarFwd
AddSliceP_NivNone_SecAmpFwd
AddSliceP_NivNone_SecStarFwd
AddSliceP_GsDerefObj
AddSliceP_GsDerefObj_TsDerefObj
AddSliceP_GsDerefObj_TsParen
AddSliceP_GsDerefObj_WsParen
AddSliceP_GsDerefObj_WsDerefObj
AddSliceP_GsDerefObj_WsStar
AddSliceP_GsDerefObj_WsWhole
AddSliceP_GsDerefObj_ValParen
AddSliceP_GsDerefObj_ValStar
AddSliceP_GsDerefObj_SecAmpFwd
AddSliceP_GsDerefObj_SecFwd
AddSliceP_GsDerefObj_SecPtrLiteral
AddSliceP_GsDerefObj_SecStarFwd
AddSliceP_GsParen_TsDerefObj
AddSliceP_GsParen_TsParen
AddSliceP_GsParen_WsParen
AddSliceP_GsParen_WsDerefObj
AddSliceP_GsParen_WsStar
AddSliceP_GsParen_SecAmpFwd
AddSliceP_GsParen_SecStarFwd
AddSliceP_GsReversed_TsDerefObj
AddSliceP_GsReversed_TsParen
AddSliceP_GsReversed_WsParen
AddSliceP_GsReversed_WsDerefObj
AddSliceP_GsReversed_WsStar
AddSliceP_GsReversed_SecAmpFwd
AddSliceP_GsReversed_SecStarFwd
AddSliceP_TsDerefObj
AddSliceP_TsDerefObj_WsParen
AddSliceP_TsDerefObj_WsDerefObj
AddSliceP_TsDerefObj_WsStar
AddSliceP_TsDerefObj_WsWhole
AddSliceP_TsDerefObj_ValParen
AddSliceP_TsDerefObj_ValStar
AddSliceP_TsDerefObj_SecAmpFwd
AddSliceP_TsDerefObj_SecFwd
AddSliceP_TsDerefObj_SecPtrLiteral
AddSliceP_TsDerefObj_SecStarFwd
AddSliceP_TsParen
AddSliceP_TsParen_WsDerefObj
AddSliceP_TsParen_WsStar
AddSliceP_TsParen_WsWhole
AddSliceP_TsParen_ValParen
AddSliceP_TsParen_ValStar
AddSliceP_TsParen_SecAmpFwd
AddSliceP_TsParen_SecFwd
AddSliceP_TsParen_SecPtrLiteral
AddSliceP_TsParen_SecStarFwd
AddSliceP_WsParen
AddSliceP_WsParen_ValParen
AddSliceP_WsParen_ValStar
AddSliceP_WsParen_SecAmpFwd
AddSliceP_WsParen_SecFwd
AddSliceP_WsParen_SecPtrLiteral
AddSliceP_WsParen_SecStarFwd
AddSliceP_WsDerefObj
AddSliceP_WsDerefObj_ValParen
AddSliceP_WsDerefObj_ValStar
AddSliceP_WsDerefObj_SecAmpFwd
AddSliceP_WsDerefObj_SecFwd
AddSliceP_WsDerefObj_SecPtrLiteral
AddSliceP_WsDerefObj_SecStarFwd
AddSliceP_WsStar
AddSliceP_WsStar_ValParen
AddSliceP_WsStar_ValStar
AddSliceP_WsStar_SecAmpFwd
AddSliceP_WsStar_SecFwd
AddSliceP_WsStar_SecPtrLiteral
AddSliceP_WsStar_SecStarFwd
AddSliceP_WsWhole_SecAmpFwd
AddSliceP_WsWhole_SecStarFwd
AddSliceP_ValParen_SecAmpFwd
AddSliceP_ValParen_SecStarFwd
AddSliceP_ValStar_SecAmpFwd
AddSliceP_ValStar_SecStarFwd
AddSliceP_SecAmpFwd
AddSliceP_SecStarFwd
AddItems_NivMake0_GsDerefObj
AddItems_NivMake0_TsDerefObj
AddItems_NivMake0_SecAmpFwd
AddItems_NivMake0_SecStarFwd
AddItems_NivMake0Cap4_GsDerefObj
AddItems_NivMake0Cap4_TsDerefObj
AddItems_NivMake0Cap4_SecAmpFwd
AddItems_NivMake0Cap4_SecStarFwd
AddItems_NivMakeParen0_GsDerefObj
AddItems_NivMakeParen0_TsDerefObj
AddItems_NivMakeParen0_SecAmpFwd
AddItems_NivMakeParen0_SecStarFwd
AddItems_NivNone_SecAmpFwd
AddItems_NivNone_SecStarFwd
AddItems_GsDerefObj
AddItems_GsDerefObj_TsParen
AddItems_GsDerefObj_WsParen
AddItems_GsDerefObj_WsDerefObj
AddItems_GsDerefObj_ValParen
AddItems_GsDerefObj_ValStar
AddItems_GsDerefObj_CxReadSize
AddItems_GsDerefObj_SecAmpFwd
AddItems_GsDerefObj_SecFwd
AddItems_GsDerefObj_SecPtrLiteral
AddItems_GsDerefObj_SecStarFwd
AddItems_GsParen_TsDerefObj
AddItems_GsParen_CxReadSize
AddItems_GsParen_SecAmpFwd
AddItems_GsParen_SecStarFwd
AddItems_GsReversed_TsDerefObj
AddItems_GsReversed_CxReadSize
AddItems_GsReversed_SecAmpFwd
AddItems_GsReversed_SecStarFwd
AddItems_TsDerefObj
AddItems_TsDerefObj_WsParen
AddItems_TsDerefObj_WsDerefObj
AddItems_TsDerefObj_ValParen
AddItems_TsDerefObj_ValStar
AddItems_TsDerefObj_CxReadSize
AddItems_TsDerefObj_SecAmpFwd
AddItems_TsDerefObj_SecFwd
AddItems_TsDerefObj_SecPtrLiteral
AddItems_TsDerefObj_SecStarFwd
AddItems_TsParen_CxReadSize
AddItems_TsParen_SecAmpFwd
AddItems_TsParen_SecStarFwd
AddItems_WsParen_CxReadSize
AddItems_WsParen_SecAmpFwd
AddItems_WsParen_SecStarFwd
AddItems_WsDerefObj_CxReadSize
AddItems_WsDerefObj_SecAmpFwd
AddItems_WsDerefObj_SecStarFwd
AddItems_ValParen_CxReadSize
AddItems_ValParen_SecAmpFwd
AddItems_ValParen_SecStarFwd
AddItems_ValStar_CxReadSize
AddItems_ValStar_SecAmpFwd
AddItems_ValStar_SecStarFwd
AddItems_CxReadSize
AddItems_CxReadSize_SecAmpFwd
AddItems_CxReadSize_SecFwd
AddItems_CxReadSize_SecPtrLiteral
AddItems_CxReadSize_SecStarFwd
AddItems_SecAmpFwd
AddItems_SecStarFwd
AddLabels_NivMake_GsDerefObj
AddLabels_NivMake_TsDerefObj
AddLabels_NivMake_SecAmpFwd
AddLabels_NivMake_SecStarFwd
AddLabels_NivMake0_GsDerefObj
AddLabels_NivMake0_TsDerefObj
AddLabels_NivMake0_SecAmpFwd
AddLabels_NivMake0_SecStarFwd
AddLabels_NivMake3_GsDerefObj
AddLabels_NivMake3_TsDerefObj
AddLabels_NivMake3_SecAmpFwd
AddLabels_NivMake3_SecStarFwd
AddLabels_NivMakeParen0_GsDerefObj
AddLabels_NivMakeParen0_TsDerefObj
AddLabels_NivMakeParen0_SecAmpFwd
AddLabels_NivMakeParen0_SecStarFwd
AddLabels_NivNone_SecAmpFwd
AddLabels_NivNone_SecStarFwd
AddLabels_GsDerefObj
AddLabels_GsDerefObj_TsParen
AddLabels_GsDerefObj_WsParen
AddLabels_GsDerefObj_WsDerefObj
AddLabels_GsDerefObj_ValParen
AddLabels_GsDerefObj_ValStar
AddLabels_GsDerefObj_CxReadKey
AddLabels_GsDerefObj_CxReadSize
AddLabels_GsDerefObj_SecAmpFwd
AddLabels_GsDerefObj_SecFwd
AddLabels_GsDerefObj_SecPtrLiteral
AddLabels_GsDerefObj_SecStarFwd
AddLabels_GsParen_TsDerefObj
AddLabels_GsParen_CxReadSize
AddLabels_GsParen_SecAmpFwd
AddLabels_GsParen_SecStarFwd
AddLabels_GsReversed_TsDerefObj
AddLabels_GsReversed_CxReadSize
AddLabels_GsReversed_SecAmpFwd
AddLabels_GsReversed_SecStarFwd
AddLabels_TsDerefObj
AddLabels_TsDerefObj_WsParen
AddLabels_TsDerefObj_WsDerefObj
AddLabels_TsDerefObj_ValParen
AddLabels_TsDerefObj_ValStar
AddLabels_TsDerefObj_CxReadKey
AddLabels_TsDerefObj_CxReadSize
AddLabels_TsDerefObj_SecAmpFwd
AddLabels_TsDerefObj_SecFwd
AddLabels_TsDerefObj_SecPtrLiteral
AddLabels_TsDerefObj_SecStarFwd
AddLabels_TsParen_CxReadSize
AddLabels_TsParen_SecAmpFwd
AddLabels_TsParen_SecStarFwd
AddLabels_WsParen_CxReadSize
AddLabels_WsParen_SecAmpFwd
AddLabels_WsParen_SecStarFwd
AddLabels_WsDerefObj_CxReadSize
AddLabels_WsDerefObj_SecAmpFwd
AddLabels_WsDerefObj_SecStarFwd
AddLabels_ValParen_CxReadSize
AddLabels_ValParen_SecAmpFwd
AddLabels_ValParen_SecStarFwd
AddLabels_ValStar_CxReadSize
AddLabels_ValStar_SecAmpFwd
AddLabels_ValStar_SecStarFwd
AddLabels_CxReadKey_SecAmpFwd
AddLabels_CxReadKey_SecStarFwd
AddLabels_CxReadSize
AddLabels_CxReadSize_SecAmpFwd
AddLabels_CxReadSize_SecFwd
AddLabels_CxReadSize_SecPtrLiteral
AddLabels_CxReadSize_SecStarFwd
AddLabels_SecAmpFwd
AddLabels_SecStarFwd
SetEmb_NivNew_GsDerefObj
SetEmb_NivNew_TsDerefObj
SetEmb_NivNew_TsParen
SetEmb_NivNew_WsParen
SetEmb_NivNew_WsDerefObj
SetEmb_NivNew_WsStar
SetEmb_NivNew_WsStarParen
SetEmb_NivNew_WsWholeParen
SetEmb_NivNew_WsPromoted
SetEmb_NivNew_WsPromotedDerefObj
SetEmb_NivNew_SecAmpFwd
SetEmb_NivNew_SecStarFwd
SetEmb_NivNewParen_GsDerefObj
SetEmb_NivNewParen_TsDerefObj
SetEmb_NivNewParen_TsParen
SetEmb_NivNewParen_WsParen
SetEmb_NivNewParen_WsDerefObj
SetEmb_NivNewParen_WsStar
SetEmb_NivNewParen_WsStarParen
SetEmb_NivNewParen_WsWholeParen
SetEmb_NivNewParen_WsPromoted
SetEmb_NivNewParen_WsPromotedDerefObj
SetEmb_NivNewParen_SecAmpFwd
SetEmb_NivNewParen_SecStarFwd
SetEmb_GsDerefObj
SetEmb_GsDerefObj_TsDerefObj
SetEmb_GsDerefObj_TsParen
SetEmb_GsDerefObj_WsParen
SetEmb_GsDerefObj_WsDerefObj
SetEmb_GsDerefObj_WsStar
SetEmb_GsDerefObj_WsStarParen
SetEmb_GsDerefObj_WsWhole
SetEmb_GsDerefObj_WsWholeParen
SetEmb_GsDerefObj_WsPromoted
SetEmb_GsDerefObj_WsPromotedDerefObj
SetEmb_GsDerefObj_ValParen
SetEmb_GsDerefObj_ValStar
SetEmb_GsDerefObj_SecAmpFwd
SetEmb_GsDerefObj_SecAppend
SetEmb_GsDerefObj_SecFwd
SetEmb_GsDerefObj_SecInsert
SetEmb_GsDerefObj_SecPtrLiteral
SetEmb_GsDerefObj_SecStarFwd
SetEmb_GsParen_TsDerefObj
SetEmb_GsParen_TsParen
SetEmb_GsParen_WsParen
SetEmb_GsParen_WsDerefObj
SetEmb_GsParen_WsStar
SetEmb_GsParen_WsStarParen
SetEmb_GsParen_WsWholeParen
SetEmb_GsParen_WsPromoted
SetEmb_GsParen_WsPromotedDerefObj
SetEmb_GsParen_SecAmpFwd
SetEmb_GsParen_SecStarFwd
SetEmb_GsReversed_TsDerefObj
SetEmb_GsReversed_TsParen
SetEmb_GsReversed_WsParen
SetEmb_GsReversed_WsDerefObj
SetEmb_GsReversed_WsStar
SetEmb_GsReversed_WsStarParen
SetEmb_GsReversed_WsWholeParen
SetEmb_GsReversed_WsPromoted
SetEmb_GsReversed_WsPromotedDerefObj
SetEmb_GsReversed_SecAmpFwd
SetEmb_GsReversed_SecStarFwd
SetEmb_TsDerefObj
SetEmb_TsDerefObj_WsParen
SetEmb_TsDerefObj_WsDerefObj
SetEmb_TsDerefObj_WsStar
SetEmb_TsDerefObj_WsStarParen
SetEmb_TsDerefObj_WsWhole
SetEmb_TsDerefObj_WsWholeParen
SetEmb_TsDerefObj_WsPromoted
SetEmb_TsDerefObj_WsPromotedDerefObj
SetEmb_TsDerefObj_ValParen
SetEmb_TsDerefObj_ValStar
SetEmb_TsDerefObj_SecAmpFwd
SetEmb_TsDerefObj_SecAppend
SetEmb_TsDerefObj_SecFwd
SetEmb_TsDerefObj_SecInsert
SetEmb_TsDerefObj_SecPtrLiteral
SetEmb_TsDerefObj_SecStarFwd
SetEmb_TsParen
SetEmb_TsParen_WsDerefObj
SetEmb_TsParen_WsStar
SetEmb_TsParen_WsStarParen
SetEmb_TsParen_WsWhole
SetEmb_TsParen_WsPromoted
SetEmb_TsParen_WsPromotedDerefObj
SetEmb_TsParen_ValParen
SetEmb_TsParen_ValStar
SetEmb_TsParen_SecAmpFwd
SetEmb_TsParen_SecAppend
SetEmb_TsParen_SecFwd
SetEmb_TsParen_SecInsert
SetEmb_TsParen_SecPtrLiteral
SetEmb_TsParen_SecStarFwd
SetEmb_WsParen
SetEmb_WsParen_ValParen
SetEmb_WsParen_ValStar
SetEmb_WsParen_SecAmpFwd
SetEmb_WsParen_SecAppend
SetEmb_WsParen_SecFwd
SetEmb_WsParen_SecInsert
SetEmb_WsParen_SecPtrLiteral
SetEmb_WsParen_SecStarFwd
SetEmb_WsDerefObj
SetEmb_WsDerefObj_ValParen
SetEmb_WsDerefObj_ValStar
SetEmb_WsDerefObj_SecAmpFwd
SetEmb_WsDerefObj_SecAppend
SetEmb_WsDerefObj_SecFwd
SetEmb_WsDerefObj_SecInsert
SetEmb_WsDerefObj_SecPtrLiteral
SetEmb_WsDerefObj_SecStarFwd
SetEmb_WsStar
SetEmb_WsStar_ValParen
SetEmb_WsStar_ValStar
SetEmb_WsStar_SecAmpFwd
SetEmb_WsStar_SecAppend
SetEmb_WsStar_SecFwd
SetEmb_WsStar_SecInsert
SetEmb_WsStar_SecPtrLiteral
SetEmb_WsStar_SecStarFwd
SetEmb_WsStarParen
SetEmb_WsStarParen_ValParen
SetEmb_WsStarParen_ValStar
SetEmb_WsStarParen_SecAmpFwd
SetEmb_WsStarParen_SecAppend
SetEmb_WsStarParen_SecFwd
SetEmb_WsStarParen_SecInsert
SetEmb_WsStarParen_SecPtrLiteral
SetEmb_WsStarParen_SecStarFwd
SetEmb_WsWhole_SecAmpFwd
SetEmb_WsWhole_SecStarFwd
SetEmb_WsWholeParen
SetEmb_WsWholeParen_ValParen
SetEmb_WsWholeParen_ValStar
SetEmb_WsWholeParen_ValKeyed
SetEmb_WsWholeParen_ValPositional
SetEmb_WsWholeParen_SecAmpFwd
SetEmb_WsWholeParen_SecAppend
SetEmb_WsWholeParen_SecFwd
SetEmb_WsWholeParen_SecInsert
SetEmb_WsWholeParen_SecPtrLiteral
SetEmb_WsWholeParen_SecStarFwd
SetEmb_WsPromoted
SetEmb_WsPromoted_ValParen
SetEmb_WsPromoted_ValStar
SetEmb_WsPromoted_SecAmpFwd
SetEmb_WsPromoted_SecAppend
SetEmb_WsPromoted_SecFwd
SetEmb_WsPromoted_SecInsert
SetEmb_WsPromoted_SecPtrLiteral
SetEmb_WsPromoted_SecStarFwd
SetEmb_WsPromotedDerefObj
SetEmb_WsPromotedDerefObj_ValParen
SetEmb_WsPromotedDerefObj_ValStar
SetEmb_WsPromotedDerefObj_SecAmpFwd
SetEmb_WsPromotedDerefObj_SecAppend
SetEmb_WsPromotedDerefObj_SecFwd
SetEmb_WsPromotedDerefObj_SecInsert
SetEmb_WsPromotedDerefObj_SecPtrLiteral
SetEmb_WsPromotedDerefObj_SecStarFwd
SetEmb_ValParen_SecAmpFwd
SetEmb_ValParen_SecStarFwd
SetEmb_ValStar_SecAmpFwd
SetEmb_ValStar_SecStarFwd
SetEmb_SecAmpFwd
SetEmb_SecStarFwd
SetPtr_WsParen_ValNil
SetPtr_WsParen_SecAmpFwd
SetPtr_WsParen_SecStarFwd
SetPtr_WsDerefObj_ValNil
SetPtr_WsDerefObj_SecAmpFwd
SetPtr_WsDerefObj_SecStarFwd
SetPtr_ValParen_SecAmpFwd
SetPtr_ValParen_SecStarFwd
SetPtr_ValAmp_SecAmpFwd
SetPtr_ValAmp_SecStarFwd
SetPtr_ValStar_SecAmpFwd
SetPtr_ValStar_SecStarFwd
SetPtr_ValNil
SetPtr_ValNil_SecAmpFwd
SetPtr_ValNil_SecAppend
SetPtr_ValNil_SecFwd
SetPtr_ValNil_SecInsert
SetPtr_ValNil_SecPtrLiteral
SetPtr_ValNil_SecStarFwd
SetPtr_ValKeyed_SecAmpFwd
SetPtr_ValKeyed_SecStarFwd
SetPtr_ValPositional_SecAmpFwd
SetPtr_ValPositional_SecStarFwd
SetPtr_SecAmpFwd
SetPtr_SecStarFwd
SetComp_WsParen_ValKeyedNil
SetComp_WsDerefObj_ValKeyedNil
SetComp_ValStar_SecAppend
SetComp_ValStar_SecInsert
SetComp_ValStar_SecPtrLiteral
SetComp_ValKeyedNil
AddRefs_NivLit_GsDerefObj
AddRefs_NivLit_TsDerefObj
AddRefs_NivLit_SecAmpFwd
AddRefs_NivLit_SecStarFwd
AddRefs_NivMake0_GsDerefObj
AddRefs_NivMake0_TsDerefObj
AddRefs_NivMake0_SecAmpFwd
AddRefs_NivMake0_SecStarFwd
AddRefs_NivMake0Cap4_GsDerefObj
AddRefs_NivMake0Cap4_TsDerefObj
AddRefs_NivMake0Cap4_SecAmpFwd
AddRefs_NivMake0Cap4_SecStarFwd
AddRefs_NivMakeParen0_GsDerefObj
AddRefs_NivMakeParen0_TsDerefObj
AddRefs_NivMakeParen0_SecAmpFwd
AddRefs_NivMakeParen0_SecStarFwd
AddRefs_GsDerefObj_CxReadSize
AddRefs_GsParen_CxReadSize
AddRefs_GsReversed_CxReadSize
AddRefs_TsDerefObj_CxReadSize
AddRefs_TsParen_CxReadSize
AddRefs_WsParen_CxReadSize
AddRefs_WsParen_SecAmpFwd
AddRefs_WsParen_SecStarFwd
AddRefs_WsDerefObj_CxReadSize
AddRefs_WsDerefObj_SecAmpFwd
AddRefs_WsDerefObj_SecStarFwd
AddRefs_ValParen_CxReadSize
AddRefs_ValParen_SecAmpFwd
AddRefs_ValParen_SecStarFwd
AddRefs_ValStar_CxReadSize
AddRefs_ValStar_SecAmpFwd
AddRefs_ValStar_SecStarFwd
AddRefs_ValNil_SecAmpFwd
AddRefs_ValNil_SecStarFwd
AddRefs_ValKeyed_CxReadSize
AddRefs_ValKeyed_SecAmpFwd
AddRefs_ValKeyed_SecStarFwd
AddRefs_ValPositional_CxReadSize
AddRefs_ValPositional_SecAmpFwd
AddRefs_ValPositional_SecStarFwd
AddRefs_CxReadSize
AddRefs_CxReadSize_SecAmpFwd
AddRefs_CxReadSize_SecFwd
AddRefs_CxReadSize_SecPtrLiteral
AddRefs_CxReadSize_SecStarFwd
AddRefs_SecAmpFwd
AddRefs_SecStarFwd
AddRefMap_NivLit_GsDerefObj
AddRefMap_NivLit_TsDerefObj
AddRefMap_NivLit_SecAmpFwd
AddRefMap_NivLit_SecStarFwd
AddRefMap_NivMake_GsDerefObj
AddRefMap_NivMake_TsDerefObj
AddRefMap_NivMake_SecAmpFwd
AddRefMap_NivMake_SecStarFwd
AddRefMap_NivMake0_GsDerefObj
AddRefMap_NivMake0_TsDerefObj
AddRefMap_NivMake0_SecAmpFwd
AddRefMap_NivMake0_SecStarFwd
AddRefMap_NivMake3_GsDerefObj
AddRefMap_NivMake3_TsDerefObj
AddRefMap_NivMake3_SecAmpFwd
AddRefMap_NivMake3_SecStarFwd
AddRefMap_NivMakeParen0_GsDerefObj
AddRefMap_NivMakeParen0_TsDerefObj
AddRefMap_NivMakeParen0_SecAmpFwd
AddRefMap_NivMakeParen0_SecStarFwd
AddRefMap_GsDerefObj_CxReadSize
AddRefMap_GsParen_CxReadSize
AddRefMap_GsReversed_CxReadSize
AddRefMap_TsDerefObj_CxReadSize
AddRefMap_TsParen_CxReadSize
AddRefMap_WsParen_CxReadSize
AddRefMap_WsParen_SecAmpFwd
AddRefMap_WsParen_SecStarFwd
AddRefMap_WsDerefObj_CxReadSize
AddRefMap_WsDerefObj_SecAmpFwd
AddRefMap_WsDerefObj_SecStarFwd
AddRefMap_ValParen_CxReadSize
AddRefMap_ValParen_SecAmpFwd
AddRefMap_ValParen_SecStarFwd
AddRefMap_ValStar_CxReadSize
AddRefMap_ValStar_SecAmpFwd
AddRefMap_ValStar_SecStarFwd
AddRefMap_ValNil_SecAmpFwd
AddRefMap_ValNil_SecStarFwd
AddRefMap_ValKeyed_CxReadSize
AddRefMap_ValKeyed_SecAmpFwd
AddRefMap_ValKeyed_SecStarFwd
AddRefMap_ValPositional_CxReadSize
AddRefMap_ValPositional_SecAmpFwd
AddRefMap_ValPositional_SecStarFwd
AddRefMap_CxReadKey_SecAmpFwd
AddRefMap_CxReadKey_SecStarFwd
AddRefMap_CxReadSize
AddRefMap_CxReadSize_SecAmpFwd
AddRefMap_CxReadSize_SecFwd
AddRefMap_CxReadSize_SecPtrLiteral
AddRefMap_CxReadSize_SecStarFwd
AddRefMap_SecAmpFwd
AddRefMap_SecStarFwd
SetName_ValStar_SecAppend
SetName_ValStar_SecInsert
SetName_ValStar_SecPtrLiteral
SetPayload_WsParen_ValNil
SetPayload_WsParen_ValKeyedNil
SetPayload_WsParen_CxReadType
SetPayload_WsDerefObj_ValNil
SetPayload_WsDerefObj_ValKeyedNil
SetPayload_ValAmp_SecAppend
SetPayload_ValAmp_SecInsert
SetPayload_ValAmp_SecPtrLiteral
SetPayload_ValStar_SecAppend
SetPayload_ValStar_SecInsert
SetPayload_ValStar_SecPtrLiteral
SetPayload_ValNil
SetPayload_ValNil_SecAppend
SetPayload_ValNil_SecFwd
SetPayload_ValNil_SecInsert
SetPayload_ValNil_SecPtrLiteral
SetPayload_ValNil_SecStarFwd
SetPayload_ValKeyedNil
SetPayload_CxReadType
SetRaw_WsParen_ValNil
SetRaw_WsDerefObj_ValNil
SetRaw_ValStar_SecAppend
SetRaw_ValStar_SecInsert
SetRaw_ValStar_SecPtrLiteral
SetRaw_ValNil
SetRaw_ValNil_SecAmpFwd
SetRaw_ValNil_SecAppend
SetRaw_ValNil_SecFwd
SetRaw_ValNil_SecInsert
SetRaw_ValNil_SecPtrLiteral
SetRaw_ValNil_SecStarFwd
AddAnys_NivLit_GsDerefObj
AddAnys_NivLit_TsDerefObj
AddAnys_NivLit_CxReadType
AddAnys_NivLit_SecAmpFwd
AddAnys_NivLit_SecStarFwd
AddAnys_NivMake0_GsDerefObj
AddAnys_NivMake0_TsDerefObj
AddAnys_NivMake0_CxReadType
AddAnys_NivMake0_SecAmpFwd
AddAnys_NivMake0_SecStarFwd
AddAnys_NivMake0Cap4_GsDerefObj
AddAnys_NivMake0Cap4_TsDerefObj
AddAnys_NivMake0Cap4_CxReadType
AddAnys_NivMake0Cap4_SecAmpFwd
AddAnys_NivMake0Cap4_SecStarFwd
AddAnys_NivMakeParen0_GsDerefObj
AddAnys_NivMakeParen0_TsDerefObj
AddAnys_NivMakeParen0_CxReadType
AddAnys_NivMakeParen0_SecAmpFwd
AddAnys_NivMakeParen0_SecStarFwd
AddAnys_GsDerefObj_CxReadSize
AddAnys_GsParen_CxReadSize
AddAnys_GsReversed_CxReadSize
AddAnys_TsDerefObj_CxReadSize
AddAnys_TsParen_CxReadSize
AddAnys_WsParen_CxReadSize
AddAnys_WsParen_CxReadType
AddAnys_WsParen_SecAmpFwd
AddAnys_WsParen_SecStarFwd
AddAnys_WsDerefObj_CxReadSize
AddAnys_WsDerefObj_SecAmpFwd
AddAnys_WsDerefObj_SecStarFwd
AddAnys_WsIndex_ValNil
AddAnys_WsIndex_ValKeyedNil
AddAnys_ValParen_CxReadSize
AddAnys_ValParen_SecAmpFwd
AddAnys_ValParen_SecStarFwd
AddAnys_ValAmp_CxReadSize
AddAnys_ValAmp_SecAmpFwd
AddAnys_ValAmp_SecStarFwd
AddAnys_ValStar_CxReadSize
AddAnys_ValStar_SecAmpFwd
AddAnys_ValStar_SecStarFwd
AddAnys_ValNil_SecAmpFwd
AddAnys_ValNil_SecStarFwd
AddAnys_ValKeyed_CxReadSize
AddAnys_ValKeyed_SecAmpFwd
AddAnys_ValKeyed_SecStarFwd
AddAnys_ValPositional_CxReadSize
AddAnys_ValPositional_SecAmpFwd
AddAnys_ValPositional_SecStarFwd
AddAnys_ValNested_CxReadSize
AddAnys_ValNested_SecAmpFwd
AddAnys_ValNested_SecStarFwd
AddAnys_ValKeyedNil_SecAmpFwd
AddAnys_ValKeyedNil_SecStarFwd
AddAnys_ValMarshal_CxReadSize
AddAnys_ValMarshal_SecAmpFwd
AddAnys_ValMarshal_SecStarFwd
AddAnys_CxReadSize
AddAnys_CxReadSize_SecAmpFwd
AddAnys_CxReadSize_SecFwd
AddAnys_CxReadSize_SecPtrLiteral
AddAnys_CxReadSize_SecStarFwd
AddAnys_CxReadType
AddAnys_CxReadType_SecAmpFwd
AddAnys_CxReadType_SecFwd
AddAnys_CxReadType_SecPtrLiteral
AddAnys_CxReadType_SecStarFwd
AddAnys_SecAmpFwd
AddAnys_SecStarFwd
